
> frontend@0.0.0 test
> vitest --run


[1m[46m RUN [49m[22m [36mv4.0.18 [39m[90mC:/Users/akash/desktop/studentManagementSystem/StudentManagement[39m

 [31mΓ¥»[39m src/components/Facilities/Facilities.test.tsx [2m([22m[2m5 tests[22m[2m | [22m[31m1 failed[39m[2m)[22m[33m 384[2mms[22m[39m
     [32mΓ£ô[39m renders the section header with correct title and subtitle[32m 142[2mms[22m[39m
     [32mΓ£ô[39m renders all default facility cards[32m 69[2mms[22m[39m
     [32mΓ£ô[39m renders correct descriptions for facility cards[32m 23[2mms[22m[39m
[31m     [31m├ù[31m applies correct styling classes to icons containers[39m[32m 48[2mms[22m[39m
     [32mΓ£ô[39m does not render the popup by default[32m 98[2mms[22m[39m
 [32mΓ£ô[39m src/components/HelpUs/HelpUs.test.tsx [2m([22m[2m4 tests[22m[2m)[22m[32m 207[2mms[22m[39m
 [31mΓ¥»[39m src/components/AboutUs/AboutUs.test.tsx [2m([22m[2m4 tests[22m[2m | [22m[31m1 failed[39m[2m)[22m[33m 733[2mms[22m[39m
     [32mΓ£ô[39m renders the main heading and intro paragraphs[32m 102[2mms[22m[39m
     [32mΓ£ô[39m renders all four feature cards[32m 94[2mms[22m[39m
     [33m[2mΓ£ô[22m[39m renders info sections with correct images [33m 477[2mms[22m[39m
[31m     [31m├ù[31m applies correct order for left/right image positioning[39m[32m 56[2mms[22m[39m
 [32mΓ£ô[39m src/pages/ParentDashboard/ParentDashboard.test.tsx [2m([22m[2m1 test[22m[2m)[22m[32m 103[2mms[22m[39m
 [32mΓ£ô[39m src/pages/TeacherDashboard/TeacherDashboard.test.tsx [2m([22m[2m1 test[22m[2m)[22m[32m 189[2mms[22m[39m
node.exe : Error: useAuth must be used within 
AuthProvider
At line:1 char:1
+ & "C:\Program Files\nodejs/node.exe" "C:\Program 
Files\nodejs/node_mo ...
+ ~~~~~~~~~~~~~~~~~~~~~~~~~~~~~~~~~~~~~~~~~~~~~~~~~~~~~
~~~~~~~~~~~~~~~~
    + CategoryInfo          : NotSpecified: (Error: us 
   eAuth ...in AuthProvider:String) [], RemoteExcepti  
  on
    + FullyQualifiedErrorId : NativeCommandError
 
    at useAuth (C:/Users/akash/desktop/studentManagemen
tSystem/StudentManagement/src/context/AuthContext.tsx:7
2:23)
    at MarksReview (C:/Users/akash/desktop/studentManag
ementSystem/StudentManagement/src/pages/MarksReview/Mar
ksReview.tsx:53:33)
    at renderWithHooks (C:\Users\akash\desktop\studentM
anagementSystem\StudentManagement\node_modules\react-do
m\cjs\react-dom.development.js:15486:18)
    at mountIndeterminateComponent (C:\Users\akash\desk
top\studentManagementSystem\StudentManagement\node_modu
les\react-dom\cjs\react-dom.development.js:20103:13)
    at beginWork (C:\Users\akash\desktop\studentManagem
entSystem\StudentManagement\node_modules\react-dom\cjs\
react-dom.development.js:21626:16)
    at HTMLUnknownElement.callCallback (C:\Users\akash\
desktop\studentManagementSystem\StudentManagement\node_
modules\react-dom\cjs\react-dom.development.js:4164:14)
    at HTMLUnknownElement.callTheUserObjectsOperation (
C:\Users\akash\desktop\studentManagementSystem\StudentM
anagement\node_modules\jsdom\lib\jsdom\living\generated
\EventListener.js:26:30)
    at innerInvokeEventListeners (C:\Users\akash\deskto
p\studentManagementSystem\StudentManagement\node_module
s\jsdom\lib\jsdom\living\events\EventTarget-impl.js:360
:16)
    at invokeEventListeners (C:\Users\akash\desktop\stu
dentManagementSystem\StudentManagement\node_modules\jsd
om\lib\jsdom\living\events\EventTarget-impl.js:296:3)
    at HTMLUnknownElementImpl._dispatch (C:\Users\akash
\desktop\studentManagementSystem\StudentManagement\node
_modules\jsdom\lib\jsdom\living\events\EventTarget-impl
.js:243:9)
Error: useAuth must be used within AuthProvider
    at useAuth (C:/Users/akash/desktop/studentManagemen
tSystem/StudentManagement/src/context/AuthContext.tsx:7
2:23)
    at MarksReview (C:/Users/akash/desktop/studentManag
ementSystem/StudentManagement/src/pages/MarksReview/Mar
ksReview.tsx:53:33)
    at renderWithHooks (C:\Users\akash\desktop\studentM
anagementSystem\StudentManagement\node_modules\react-do
m\cjs\react-dom.development.js:15486:18)
    at mountIndeterminateComponent (C:\Users\akash\desk
top\studentManagementSystem\StudentManagement\node_modu
les\react-dom\cjs\react-dom.development.js:20103:13)
    at beginWork (C:\Users\akash\desktop\studentManagem
entSystem\StudentManagement\node_modules\react-dom\cjs\
react-dom.development.js:21626:16)
    at HTMLUnknownElement.callCallback (C:\Users\akash\
desktop\studentManagementSystem\StudentManagement\node_
modules\react-dom\cjs\react-dom.development.js:4164:14)
    at HTMLUnknownElement.callTheUserObjectsOperation (
C:\Users\akash\desktop\studentManagementSystem\StudentM
anagement\node_modules\jsdom\lib\jsdom\living\generated
\EventListener.js:26:30)
    at innerInvokeEventListeners (C:\Users\akash\deskto
p\studentManagementSystem\StudentManagement\node_module
s\jsdom\lib\jsdom\living\events\EventTarget-impl.js:360
:16)
    at invokeEventListeners (C:\Users\akash\desktop\stu
dentManagementSystem\StudentManagement\node_modules\jsd
om\lib\jsdom\living\events\EventTarget-impl.js:296:3)
    at HTMLUnknownElementImpl._dispatch (C:\Users\akash
\desktop\studentManagementSystem\StudentManagement\node
_modules\jsdom\lib\jsdom\living\events\EventTarget-impl
.js:243:9)
[90mstderr[2m | 
src/pages/MarksReview/MarksReview.test.tsx[2m > 
[22m[2mMarksReview Component[2m > [22m[2mrenders 
marks review page
[22m[39mThe above error occurred in the 
<MarksReview> component:

    at MarksReview (C:/Users/akash/desktop/studentManag
ementSystem/StudentManagement/src/pages/MarksReview/Mar
ksReview.tsx:26:66)

Consider adding an error boundary to your tree to 
customize error handling behavior.
Visit https://reactjs.org/link/error-boundaries to 
learn more about error boundaries.

Error: useAuth must be used within AuthProvider
    at useAuth (C:/Users/akash/desktop/studentManagemen
tSystem/StudentManagement/src/context/AuthContext.tsx:7
2:23)
    at MarksReview (C:/Users/akash/desktop/studentManag
ementSystem/StudentManagement/src/pages/MarksReview/Mar
ksReview.tsx:53:33)
    at renderWithHooks (C:\Users\akash\desktop\studentM
anagementSystem\StudentManagement\node_modules\react-do
m\cjs\react-dom.development.js:15486:18)
    at mountIndeterminateComponent (C:\Users\akash\desk
top\studentManagementSystem\StudentManagement\node_modu
les\react-dom\cjs\react-dom.development.js:20103:13)
    at beginWork (C:\Users\akash\desktop\studentManagem
entSystem\StudentManagement\node_modules\react-dom\cjs\
react-dom.development.js:21626:16)
    at HTMLUnknownElement.callCallback (C:\Users\akash\
desktop\studentManagementSystem\StudentManagement\node_
modules\react-dom\cjs\react-dom.development.js:4164:14)
    at HTMLUnknownElement.callTheUserObjectsOperation (
C:\Users\akash\desktop\studentManagementSystem\StudentM
anagement\node_modules\jsdom\lib\jsdom\living\generated
\EventListener.js:26:30)
    at innerInvokeEventListeners (C:\Users\akash\deskto
p\studentManagementSystem\StudentManagement\node_module
s\jsdom\lib\jsdom\living\events\EventTarget-impl.js:360
:16)
    at invokeEventListeners (C:\Users\akash\desktop\stu
dentManagementSystem\StudentManagement\node_modules\jsd
om\lib\jsdom\living\events\EventTarget-impl.js:296:3)
    at HTMLUnknownElementImpl._dispatch (C:\Users\akash
\desktop\studentManagementSystem\StudentManagement\node
_modules\jsdom\lib\jsdom\living\events\EventTarget-impl
.js:243:9)
Error: useAuth must be used within AuthProvider
    at useAuth (C:/Users/akash/desktop/studentManagemen
tSystem/StudentManagement/src/context/AuthContext.tsx:7
2:23)
    at MarksReview (C:/Users/akash/desktop/studentManag
ementSystem/StudentManagement/src/pages/MarksReview/Mar
ksReview.tsx:53:33)
    at renderWithHooks (C:\Users\akash\desktop\studentM
anagementSystem\StudentManagement\node_modules\react-do
m\cjs\react-dom.development.js:15486:18)
    at mountIndeterminateComponent (C:\Users\akash\desk
top\studentManagementSystem\StudentManagement\node_modu
les\react-dom\cjs\react-dom.development.js:20103:13)
    at beginWork (C:\Users\akash\desktop\studentManagem
entSystem\StudentManagement\node_modules\react-dom\cjs\
react-dom.development.js:21626:16)
    at HTMLUnknownElement.callCallback (C:\Users\akash\
desktop\studentManagementSystem\StudentManagement\node_
modules\react-dom\cjs\react-dom.development.js:4164:14)
    at HTMLUnknownElement.callTheUserObjectsOperation (
C:\Users\akash\desktop\studentManagementSystem\StudentM
anagement\node_modules\jsdom\lib\jsdom\living\generated
\EventListener.js:26:30)
    at innerInvokeEventListeners (C:\Users\akash\deskto
p\studentManagementSystem\StudentManagement\node_module
s\jsdom\lib\jsdom\living\events\EventTarget-impl.js:360
:16)
    at invokeEventListeners (C:\Users\akash\desktop\stu
dentManagementSystem\StudentManagement\node_modules\jsd
om\lib\jsdom\living\events\EventTarget-impl.js:296:3)
    at HTMLUnknownElementImpl._dispatch (C:\Users\akash
\desktop\studentManagementSystem\StudentManagement\node
_modules\jsdom\lib\jsdom\living\events\EventTarget-impl
.js:243:9)
[90mstderr[2m | 
src/pages/MarksReview/MarksReview.test.tsx[2m > 
[22m[2mMarksReview Component[2m > [22m[2mdisplays 
filter inputs
[22m[39mThe above error occurred in the 
<MarksReview> component:

    at MarksReview (C:/Users/akash/desktop/studentManag
ementSystem/StudentManagement/src/pages/MarksReview/Mar
ksReview.tsx:26:66)

Consider adding an error boundary to your tree to 
customize error handling behavior.
Visit https://reactjs.org/link/error-boundaries to 
learn more about error boundaries.

Error: useAuth must be used within AuthProvider
    at useAuth (C:/Users/akash/desktop/studentManagemen
tSystem/StudentManagement/src/context/AuthContext.tsx:7
2:23)
    at MarksReview (C:/Users/akash/desktop/studentManag
ementSystem/StudentManagement/src/pages/MarksReview/Mar
ksReview.tsx:53:33)
    at renderWithHooks (C:\Users\akash\desktop\studentM
anagementSystem\StudentManagement\node_modules\react-do
m\cjs\react-dom.development.js:15486:18)
    at mountIndeterminateComponent (C:\Users\akash\desk
top\studentManagementSystem\StudentManagement\node_modu
les\react-dom\cjs\react-dom.development.js:20103:13)
    at beginWork (C:\Users\akash\desktop\studentManagem
entSystem\StudentManagement\node_modules\react-dom\cjs\
react-dom.development.js:21626:16)
    at HTMLUnknownElement.callCallback (C:\Users\akash\
desktop\studentManagementSystem\StudentManagement\node_
modules\react-dom\cjs\react-dom.development.js:4164:14)
    at HTMLUnknownElement.callTheUserObjectsOperation (
C:\Users\akash\desktop\studentManagementSystem\StudentM
anagement\node_modules\jsdom\lib\jsdom\living\generated
\EventListener.js:26:30)
    at innerInvokeEventListeners (C:\Users\akash\deskto
p\studentManagementSystem\StudentManagement\node_module
s\jsdom\lib\jsdom\living\events\EventTarget-impl.js:360
:16)
    at invokeEventListeners (C:\Users\akash\desktop\stu
dentManagementSystem\StudentManagement\node_modules\jsd
om\lib\jsdom\living\events\EventTarget-impl.js:296:3)
    at HTMLUnknownElementImpl._dispatch (C:\Users\akash
\desktop\studentManagementSystem\StudentManagement\node
_modules\jsdom\lib\jsdom\living\events\EventTarget-impl
.js:243:9)
Error: useAuth must be used within AuthProvider
    at useAuth (C:/Users/akash/desktop/studentManagemen
tSystem/StudentManagement/src/context/AuthContext.tsx:7
2:23)
    at MarksReview (C:/Users/akash/desktop/studentManag
ementSystem/StudentManagement/src/pages/MarksReview/Mar
ksReview.tsx:53:33)
    at renderWithHooks (C:\Users\akash\desktop\studentM
anagementSystem\StudentManagement\node_modules\react-do
m\cjs\react-dom.development.js:15486:18)
    at mountIndeterminateComponent (C:\Users\akash\desk
top\studentManagementSystem\StudentManagement\node_modu
les\react-dom\cjs\react-dom.development.js:20103:13)
    at beginWork (C:\Users\akash\desktop\studentManagem
entSystem\StudentManagement\node_modules\react-dom\cjs\
react-dom.development.js:21626:16)
    at HTMLUnknownElement.callCallback (C:\Users\akash\
desktop\studentManagementSystem\StudentManagement\node_
modules\react-dom\cjs\react-dom.development.js:4164:14)
    at HTMLUnknownElement.callTheUserObjectsOperation (
C:\Users\akash\desktop\studentManagementSystem\StudentM
anagement\node_modules\jsdom\lib\jsdom\living\generated
\EventListener.js:26:30)
    at innerInvokeEventListeners (C:\Users\akash\deskto
p\studentManagementSystem\StudentManagement\node_module
s\jsdom\lib\jsdom\living\events\EventTarget-impl.js:360
:16)
    at invokeEventListeners (C:\Users\akash\desktop\stu
dentManagementSystem\StudentManagement\node_modules\jsd
om\lib\jsdom\living\events\EventTarget-impl.js:296:3)
    at HTMLUnknownElementImpl._dispatch (C:\Users\akash
\desktop\studentManagementSystem\StudentManagement\node
_modules\jsdom\lib\jsdom\living\events\EventTarget-impl
.js:243:9)
[90mstderr[2m | 
src/pages/MarksReview/MarksReview.test.tsx[2m > 
[22m[2mMarksReview Component[2m > [22m[2mshows 
load marks button
[22m[39mThe above error occurred in the 
<MarksReview> component:

    at MarksReview (C:/Users/akash/desktop/studentManag
ementSystem/StudentManagement/src/pages/MarksReview/Mar
ksReview.tsx:26:66)

Consider adding an error boundary to your tree to 
customize error handling behavior.
Visit https://reactjs.org/link/error-boundaries to 
learn more about error boundaries.

 [31mΓ¥»[39m src/pages/MarksReview/MarksReview.test.tsx [2m([22m[2m3 tests[22m[2m | [22m[31m3 failed[39m[2m)[22m[32m 195[2mms[22m[39m
[31m     [31m├ù[31m renders marks review page[39m[32m 139[2mms[22m[39m
[31m     [31m├ù[31m displays filter inputs[39m[32m 7[2mms[22m[39m
[31m     [31m├ù[31m shows load marks button[39m[32m 45[2mms[22m[39m
 [32mΓ£ô[39m src/components/Footer/Footer.test.tsx [2m([22m[2m3 tests[22m[2m)[22m[33m 848[2mms[22m[39m
     [33m[2mΓ£ô[22m[39m renders all major sections and handles duplicate brand names [33m 722[2mms[22m[39m
 [32mΓ£ô[39m src/components/Need/Need.test.tsx [2m([22m[2m5 tests[22m[2m)[22m[33m 927[2mms[22m[39m
     [33m[2mΓ£ô[22m[39m renders the correct number of images for infinite scroll [33m 711[2mms[22m[39m
 [32mΓ£ô[39m src/components/Navbar/Navbar.test.tsx [2m([22m[2m6 tests[22m[2m)[22m[33m 1131[2mms[22m[39m
     [33m[2mΓ£ô[22m[39m toggles the user dropdown menu when clicked [33m 675[2mms[22m[39m
[90mstderr[2m | 
src/components/Signup/Signup.test.tsx[2m > 
[22m[2mSignup Component[2m > [22m[2m1. should 
show validation errors for empty fields on submit
[22m[39mAn error occurred! For more details, see the 
full error text at https://go.apollo.dev/c/err#%7B%22ve
rsion%22%3A%223.14.0%22%2C%22message%22%3A104%2C%22args
%22%3A%5B%22InMemoryCache%22%2C%22addTypename%22%2C%22P
lease%20remove%20the%20%60addTypename%60%20option%20whe
n%20initializing%20%60InMemoryCache%60.%22%5D%7D

 [32mΓ£ô[39m src/pages/AdminDashboard/AdminDashboard.test.tsx [2m([22m[2m4 tests[22m[2m)[22m[33m 1009[2mms[22m[39m
     [33m[2mΓ£ô[22m[39m 3. should have correct navigation links on feature cards [33m 741[2mms[22m[39m
[90mstderr[2m | 
src/components/Signup/Signup.test.tsx[2m > 
[22m[2mSignup Component[2m > [22m[2m2. should 
show error for invalid password format
[22m[39mAn error occurred! For more details, see the 
full error text at https://go.apollo.dev/c/err#%7B%22ve
rsion%22%3A%223.14.0%22%2C%22message%22%3A104%2C%22args
%22%3A%5B%22InMemoryCache%22%2C%22addTypename%22%2C%22P
lease%20remove%20the%20%60addTypename%60%20option%20whe
n%20initializing%20%60InMemoryCache%60.%22%5D%7D

[90mstderr[2m | 
src/pages/MarksEntry/MarksEntry.test.tsx[2m > 
[22m[2mMarksEntrySystem[2m > [22m[2mrenders 
student list and calculates grade when marks are 
entered
[22m[39mAn error occurred! For more details, see the 
full error text at https://go.apollo.dev/c/err#%7B%22ve
rsion%22%3A%223.14.0%22%2C%22message%22%3A104%2C%22args
%22%3A%5B%22MockedProvider%22%2C%22addTypename%22%2C%22
Please%20remove%20the%20%60addTypename%60%20prop.%20For
%20best%20results%2C%20ensure%20the%20provided%20%60moc
ks%60%20include%20a%20%60__typename%60%20property%20on%
20all%20mock%20objects%20to%20ensure%20the%20cache%20mo
re%20closely%20behaves%20like%20production.%22%5D%7D
An error occurred! For more details, see the full 
error text at https://go.apollo.dev/c/err#%7B%22version
%22%3A%223.14.0%22%2C%22message%22%3A104%2C%22args%22%3
A%5B%22InMemoryCache%22%2C%22addTypename%22%2C%22Please
%20remove%20the%20%60addTypename%60%20option%20when%20i
nitializing%20%60InMemoryCache%60.%22%5D%7D
An error occurred! For more details, see the full 
error text at https://go.apollo.dev/c/err#%7B%22version
%22%3A%223.14.0%22%2C%22message%22%3A78%2C%22args%22%3A
%5B%22useLazyQuery%22%2C%22onCompleted%22%2C%22If%20you
r%20%60onCompleted%60%20callback%20sets%20local%20state
%2C%20switch%20to%20use%20derived%20state%20using%20%60
data%60%20returned%20from%20the%20hook%20instead.%20Use
%20%60useEffect%60%20to%20perform%20side-effects%20as%2
0a%20result%20of%20updates%20to%20%60data%60.%22%5D%7D
An error occurred! For more details, see the full 
error text at https://go.apollo.dev/c/err#%7B%22version
%22%3A%223.14.0%22%2C%22message%22%3A78%2C%22args%22%3A
%5B%22useLazyQuery%22%2C%22onError%22%2C%22If%20your%20
%60onError%60%20callback%20sets%20local%20state%2C%20sw
itch%20to%20use%20derived%20state%20using%20%60data%60%
2C%20%60error%60%20or%20%60errors%60%20returned%20from%
20the%20hook%20instead.%20Use%20%60useEffect%60%20if%20
you%20need%20to%20perform%20side-effects%20as%20a%20res
ult%20of%20updates%20to%20%60data%60%2C%20%60error%60%2
0or%20%60errors%60.%22%5D%7D
An error occurred! For more details, see the full 
error text at https://go.apollo.dev/c/err#%7B%22version
%22%3A%223.14.0%22%2C%22message%22%3A78%2C%22args%22%3A
%5B%22useLazyQuery%22%2C%22onCompleted%22%2C%22If%20you
r%20%60onCompleted%60%20callback%20sets%20local%20state
%2C%20switch%20to%20use%20derived%20state%20using%20%60
data%60%20returned%20from%20the%20hook%20instead.%20Use
%20%60useEffect%60%20to%20perform%20side-effects%20as%2
0a%20result%20of%20updates%20to%20%60data%60.%22%5D%7D
An error occurred! For more details, see the full 
error text at https://go.apollo.dev/c/err#%7B%22version
%22%3A%223.14.0%22%2C%22message%22%3A78%2C%22args%22%3A
%5B%22useLazyQuery%22%2C%22onError%22%2C%22If%20your%20
%60onError%60%20callback%20sets%20local%20state%2C%20sw
itch%20to%20use%20derived%20state%20using%20%60data%60%
2C%20%60error%60%20or%20%60errors%60%20returned%20from%
20the%20hook%20instead.%20Use%20%60useEffect%60%20if%20
you%20need%20to%20perform%20side-effects%20as%20a%20res
ult%20of%20updates%20to%20%60data%60%2C%20%60error%60%2
0or%20%60errors%60.%22%5D%7D
An error occurred! For more details, see the full 
error text at https://go.apollo.dev/c/err#%7B%22version
%22%3A%223.14.0%22%2C%22message%22%3A78%2C%22args%22%3A
%5B%22useLazyQuery%22%2C%22onCompleted%22%2C%22If%20you
r%20%60onCompleted%60%20callback%20sets%20local%20state
%2C%20switch%20to%20use%20derived%20state%20using%20%60
data%60%20returned%20from%20the%20hook%20instead.%20Use
%20%60useEffect%60%20to%20perform%20side-effects%20as%2
0a%20result%20of%20updates%20to%20%60data%60.%22%5D%7D
An error occurred! For more details, see the full 
error text at https://go.apollo.dev/c/err#%7B%22version
%22%3A%223.14.0%22%2C%22message%22%3A78%2C%22args%22%3A
%5B%22useLazyQuery%22%2C%22onError%22%2C%22If%20your%20
%60onError%60%20callback%20sets%20local%20state%2C%20sw
itch%20to%20use%20derived%20state%20using%20%60data%60%
2C%20%60error%60%20or%20%60errors%60%20returned%20from%
20the%20hook%20instead.%20Use%20%60useEffect%60%20if%20
you%20need%20to%20perform%20side-effects%20as%20a%20res
ult%20of%20updates%20to%20%60data%60%2C%20%60error%60%2
0or%20%60errors%60.%22%5D%7D
An error occurred! For more details, see the full 
error text at https://go.apollo.dev/c/err#%7B%22version
%22%3A%223.14.0%22%2C%22message%22%3A78%2C%22args%22%3A
%5B%22useLazyQuery%22%2C%22onCompleted%22%2C%22If%20you
r%20%60onCompleted%60%20callback%20sets%20local%20state
%2C%20switch%20to%20use%20derived%20state%20using%20%60
data%60%20returned%20from%20the%20hook%20instead.%20Use
%20%60useEffect%60%20to%20perform%20side-effects%20as%2
0a%20result%20of%20updates%20to%20%60data%60.%22%5D%7D
An error occurred! For more details, see the full 
error text at https://go.apollo.dev/c/err#%7B%22version
%22%3A%223.14.0%22%2C%22message%22%3A78%2C%22args%22%3A
%5B%22useLazyQuery%22%2C%22onError%22%2C%22If%20your%20
%60onError%60%20callback%20sets%20local%20state%2C%20sw
itch%20to%20use%20derived%20state%20using%20%60data%60%
2C%20%60error%60%20or%20%60errors%60%20returned%20from%
20the%20hook%20instead.%20Use%20%60useEffect%60%20if%20
you%20need%20to%20perform%20side-effects%20as%20a%20res
ult%20of%20updates%20to%20%60data%60%2C%20%60error%60%2
0or%20%60errors%60.%22%5D%7D
An error occurred! For more details, see the full 
error text at https://go.apollo.dev/c/err#%7B%22version
%22%3A%223.14.0%22%2C%22message%22%3A104%2C%22args%22%3
A%5B%22cache.diff%22%2C%22canonizeResults%22%2C%22Pleas
e%20remove%20this%20option.%22%5D%7D
No more mocked responses for the query: query 
GetAllSubjects($className: String!) {
  subjects(
    where: {class_name: {_eq: $className}}
    order_by: {name: asc}
    distinct_on: name
  ) {
    id
    name
  }
}
Expected variables: {"className":"10"}

This typically indicates a configuration error in your 
mocks setup, usually due to a typo or mismatched 
variable.

[90mstderr[2m | 
src/pages/MarksEntry/MarksEntry.test.tsx[2m > 
[22m[2mMarksEntrySystem[2m > [22m[2mrenders 
student list and calculates grade when marks are 
entered
[22m[39mAn error occurred! For more details, see the 
full error text at https://go.apollo.dev/c/err#%7B%22ve
rsion%22%3A%223.14.0%22%2C%22message%22%3A49%2C%22args%
22%3A%5B%5D%7D

[90mstderr[2m | 
src/components/Signup/Signup.test.tsx[2m > 
[22m[2mSignup Component[2m > [22m[2m3. should 
update field values on change
[22m[39mAn error occurred! For more details, see the 
full error text at https://go.apollo.dev/c/err#%7B%22ve
rsion%22%3A%223.14.0%22%2C%22message%22%3A104%2C%22args
%22%3A%5B%22InMemoryCache%22%2C%22addTypename%22%2C%22P
lease%20remove%20the%20%60addTypename%60%20option%20whe
n%20initializing%20%60InMemoryCache%60.%22%5D%7D

[90mstderr[2m | 
src/components/Signup/Signup.test.tsx[2m > 
[22m[2mSignup Component[2m > [22m[2m4. should 
call authService.signup and redirect on success
[22m[39mAn error occurred! For more details, see the 
full error text at https://go.apollo.dev/c/err#%7B%22ve
rsion%22%3A%223.14.0%22%2C%22message%22%3A104%2C%22args
%22%3A%5B%22InMemoryCache%22%2C%22addTypename%22%2C%22P
lease%20remove%20the%20%60addTypename%60%20option%20whe
n%20initializing%20%60InMemoryCache%60.%22%5D%7D
An error occurred! For more details, see the full 
error text at https://go.apollo.dev/c/err#%7B%22version
%22%3A%223.14.0%22%2C%22message%22%3A104%2C%22args%22%3
A%5B%22cache.diff%22%2C%22canonizeResults%22%2C%22Pleas
e%20remove%20this%20option.%22%5D%7D
No more mocked responses for the query: query 
CheckAdminEmail($email: String!) {
  admins(where: {email: {_eq: $email}}) {
    id
    email
    __typename
  }
}
Expected variables: {"email":"admin@school.com"}

This typically indicates a configuration error in your 
mocks setup, usually due to a typo or mismatched 
variable.

[90mstderr[2m | 
src/components/Signup/Signup.test.tsx[2m > 
[22m[2mSignup Component[2m > [22m[2m4. should 
call authService.signup and redirect on success
[22m[39mAn error occurred! For more details, see the 
full error text at https://go.apollo.dev/c/err#%7B%22ve
rsion%22%3A%223.14.0%22%2C%22message%22%3A49%2C%22args%
22%3A%5B%5D%7D

[90mstderr[2m | 
src/pages/ChatPage/ChatPage.test.tsx[2m > 
[22m[2mChatSystem Component[2m > [22m[2mrenders 
the sidebar and the default empty state for a teacher
[22m[39mAn error occurred! For more details, see the 
full error text at https://go.apollo.dev/c/err#%7B%22ve
rsion%22%3A%223.14.0%22%2C%22message%22%3A104%2C%22args
%22%3A%5B%22MockedProvider%22%2C%22addTypename%22%2C%22
Please%20remove%20the%20%60addTypename%60%20prop.%20For
%20best%20results%2C%20ensure%20the%20provided%20%60moc
ks%60%20include%20a%20%60__typename%60%20property%20on%
20all%20mock%20objects%20to%20ensure%20the%20cache%20mo
re%20closely%20behaves%20like%20production.%22%5D%7D
An error occurred! For more details, see the full 
error text at https://go.apollo.dev/c/err#%7B%22version
%22%3A%223.14.0%22%2C%22message%22%3A104%2C%22args%22%3
A%5B%22InMemoryCache%22%2C%22addTypename%22%2C%22Please
%20remove%20the%20%60addTypename%60%20option%20when%20i
nitializing%20%60InMemoryCache%60.%22%5D%7D
An error occurred! For more details, see the full 
error text at https://go.apollo.dev/c/err#%7B%22version
%22%3A%223.14.0%22%2C%22message%22%3A104%2C%22args%22%3
A%5B%22cache.diff%22%2C%22canonizeResults%22%2C%22Pleas
e%20remove%20this%20option.%22%5D%7D

Not implemented: Window's alert() method
[90mstderr[2m | 
src/components/Login/Login.test.tsx[2m > 
[22m[2mLogin Component[2m > [22m[2mhandles 
successful student login and navigation
[22m[39mAn error occurred! For more details, see the 
full error text at https://go.apollo.dev/c/err#%7B%22ve
rsion%22%3A%223.14.0%22%2C%22message%22%3A104%2C%22args
%22%3A%5B%22InMemoryCache%22%2C%22addTypename%22%2C%22P
lease%20remove%20the%20%60addTypename%60%20option%20whe
n%20initializing%20%60InMemoryCache%60.%22%5D%7D

[90mstderr[2m | 
src/components/Signup/Signup.test.tsx[2m > 
[22m[2mSignup Component[2m > [22m[2m5. should 
display error message when signup fails
[22m[39mAn error occurred! For more details, see the 
full error text at https://go.apollo.dev/c/err#%7B%22ve
rsion%22%3A%223.14.0%22%2C%22message%22%3A104%2C%22args
%22%3A%5B%22InMemoryCache%22%2C%22addTypename%22%2C%22P
lease%20remove%20the%20%60addTypename%60%20option%20whe
n%20initializing%20%60InMemoryCache%60.%22%5D%7D
An error occurred! For more details, see the full 
error text at https://go.apollo.dev/c/err#%7B%22version
%22%3A%223.14.0%22%2C%22message%22%3A104%2C%22args%22%3
A%5B%22cache.diff%22%2C%22canonizeResults%22%2C%22Pleas
e%20remove%20this%20option.%22%5D%7D
No more mocked responses for the query: query 
CheckAdminEmail($email: String!) {
  admins(where: {email: {_eq: $email}}) {
    id
    email
    __typename
  }
}
Expected variables: {"email":"admin@school.com"}

This typically indicates a configuration error in your 
mocks setup, usually due to a typo or mismatched 
variable.

[90mstderr[2m | 
src/components/Signup/Signup.test.tsx[2m > 
[22m[2mSignup Component[2m > [22m[2m5. should 
display error message when signup fails
[22m[39mAn error occurred! For more details, see the 
full error text at https://go.apollo.dev/c/err#%7B%22ve
rsion%22%3A%223.14.0%22%2C%22message%22%3A49%2C%22args%
22%3A%5B%5D%7D

Not implemented: Window's alert() method
[90mstderr[2m | 
src/components/Signup/Signup.test.tsx[2m > 
[22m[2mSignup Component[2m > [22m[2m5. should 
display error message when signup fails
[22m[39mSignup error: Error: Email already exists
    at C:/Users/akash/desktop/studentManagementSystem/S
tudentManagement/src/components/Signup/Signup.test.tsx:
139:51
    at [90mfile:///C:/Users/akash/desktop/studentManag
ementSystem/StudentManagement/[39mnode_modules/[4m@vi
test/runner[24m/dist/index.js:145:11
    at [90mfile:///C:/Users/akash/desktop/studentManag
ementSystem/StudentManagement/[39mnode_modules/[4m@vi
test/runner[24m/dist/index.js:915:26
    at [90mfile:///C:/Users/akash/desktop/studentManag
ementSystem/StudentManagement/[39mnode_modules/[4m@vi
test/runner[24m/dist/index.js:1243:20
    at new Promise (<anonymous>)
    at runWithTimeout [90m(file:///C:/Users/akash/desk
top/studentManagementSystem/StudentManagement/[39mnode
_modules/[4m@vitest/runner[24m/dist/index.js:1209:10
[90m)[39m
    at [90mfile:///C:/Users/akash/desktop/studentManag
ementSystem/StudentManagement/[39mnode_modules/[4m@vi
test/runner[24m/dist/index.js:1653:37
    at Traces.$ [90m(file:///C:/Users/akash/desktop/st
udentManagementSystem/StudentManagement/[39mnode_modul
es/[4mvitest[24m/dist/chunks/traces.CCmnQaNT.js:142:2
7[90m)[39m
    at trace [90m(file:///C:/Users/akash/desktop/stude
ntManagementSystem/StudentManagement/[39mnode_modules/
[4mvitest[24m/dist/chunks/test.B8ej_ZHS.js:239:21[90
m)[39m
    at runTest [90m(file:///C:/Users/akash/desktop/stu
dentManagementSystem/StudentManagement/[39mnode_module
s/[4m@vitest/runner[24m/dist/index.js:1653:12[90m)[
39m

[90mstderr[2m | 
src/components/Login/Login.test.tsx[2m > 
[22m[2mLogin Component[2m > [22m[2mshows error if 
admin is not found (login failure)
[22m[39mAn error occurred! For more details, see the 
full error text at https://go.apollo.dev/c/err#%7B%22ve
rsion%22%3A%223.14.0%22%2C%22message%22%3A104%2C%22args
%22%3A%5B%22InMemoryCache%22%2C%22addTypename%22%2C%22P
lease%20remove%20the%20%60addTypename%60%20option%20whe
n%20initializing%20%60InMemoryCache%60.%22%5D%7D

[90mstderr[2m | 
src/components/Login/Login.test.tsx[2m > 
[22m[2mLogin Component[2m > [22m[2mshows error if 
admin is not found (login failure)
[22m[39mLogin error: Error: Admin not found with 
provided credentials
    at C:/Users/akash/desktop/studentManagementSystem/S
tudentManagement/src/components/Login/Login.test.tsx:89
:50
    at [90mfile:///C:/Users/akash/desktop/studentManag
ementSystem/StudentManagement/[39mnode_modules/[4m@vi
test/runner[24m/dist/index.js:145:11
    at [90mfile:///C:/Users/akash/desktop/studentManag
ementSystem/StudentManagement/[39mnode_modules/[4m@vi
test/runner[24m/dist/index.js:915:26
    at [90mfile:///C:/Users/akash/desktop/studentManag
ementSystem/StudentManagement/[39mnode_modules/[4m@vi
test/runner[24m/dist/index.js:1243:20
    at new Promise (<anonymous>)
    at runWithTimeout [90m(file:///C:/Users/akash/desk
top/studentManagementSystem/StudentManagement/[39mnode
_modules/[4m@vitest/runner[24m/dist/index.js:1209:10
[90m)[39m
    at [90mfile:///C:/Users/akash/desktop/studentManag
ementSystem/StudentManagement/[39mnode_modules/[4m@vi
test/runner[24m/dist/index.js:1653:37
    at Traces.$ [90m(file:///C:/Users/akash/desktop/st
udentManagementSystem/StudentManagement/[39mnode_modul
es/[4mvitest[24m/dist/chunks/traces.CCmnQaNT.js:142:2
7[90m)[39m
    at trace [90m(file:///C:/Users/akash/desktop/stude
ntManagementSystem/StudentManagement/[39mnode_modules/
[4mvitest[24m/dist/chunks/test.B8ej_ZHS.js:239:21[90
m)[39m
    at runTest [90m(file:///C:/Users/akash/desktop/stu
dentManagementSystem/StudentManagement/[39mnode_module
s/[4m@vitest/runner[24m/dist/index.js:1653:12[90m)[
39m

[90mstderr[2m | 
src/pages/ChatPage/ChatPage.test.tsx[2m > 
[22m[2mChatSystem Component[2m > [22m[2mnavigates 
to "New Chat" and searches for parents
[22m[39mAn error occurred! For more details, see the 
full error text at https://go.apollo.dev/c/err#%7B%22ve
rsion%22%3A%223.14.0%22%2C%22message%22%3A104%2C%22args
%22%3A%5B%22MockedProvider%22%2C%22addTypename%22%2C%22
Please%20remove%20the%20%60addTypename%60%20prop.%20For
%20best%20results%2C%20ensure%20the%20provided%20%60moc
ks%60%20include%20a%20%60__typename%60%20property%20on%
20all%20mock%20objects%20to%20ensure%20the%20cache%20mo
re%20closely%20behaves%20like%20production.%22%5D%7D
An error occurred! For more details, see the full 
error text at https://go.apollo.dev/c/err#%7B%22version
%22%3A%223.14.0%22%2C%22message%22%3A104%2C%22args%22%3
A%5B%22InMemoryCache%22%2C%22addTypename%22%2C%22Please
%20remove%20the%20%60addTypename%60%20option%20when%20i
nitializing%20%60InMemoryCache%60.%22%5D%7D
An error occurred! For more details, see the full 
error text at https://go.apollo.dev/c/err#%7B%22version
%22%3A%223.14.0%22%2C%22message%22%3A104%2C%22args%22%3
A%5B%22cache.diff%22%2C%22canonizeResults%22%2C%22Pleas
e%20remove%20this%20option.%22%5D%7D
No more mocked responses for the query: query 
GetUserChats($user_id: Int!, $user_type: String!) {
  chat_participants(
    where: {user_id: {_eq: $user_id}, user_type: {_eq: 
$user_type}}
  ) {
    chat {
      id
      type
      name
      chat_participants {
        user_id
        user_type
        parent {
          id
          name
          email
        }
        teacher {
          id
          name
          email
        }
      }
      messages(order_by: {created_at: desc}, limit: 1) 
{
        id
        sender_id
        sender_name
        sender_type
        content
        created_at
        is_read
      }
      messages_aggregate(where: {is_read: {_eq: 
false}, sender_id: {_neq: $user_id}}) {
        aggregate {
          count
        }
      }
    }
  }
}
Expected variables: {"user_id":1,"user_type":"teacher"}

This typically indicates a configuration error in your 
mocks setup, usually due to a typo or mismatched 
variable.
An error occurred! For more details, see the full 
error text at https://go.apollo.dev/c/err#%7B%22version
%22%3A%223.14.0%22%2C%22message%22%3A104%2C%22args%22%3
A%5B%22cache.diff%22%2C%22canonizeResults%22%2C%22Pleas
e%20remove%20this%20option.%22%5D%7D
No more mocked responses for the query: query 
SearchParents($search: String!) {
  parents(
    where: {_or: [{name: {_ilike: $search}}, {email: 
{_ilike: $search}}]}
    order_by: {name: asc}
  ) {
    id
    name
    email
    students(limit: 1) {
      name
    }
  }
}
Expected variables: {"search":"%%"}

Failed to match 1 mock for this query. The mocked 
response had the following variables:
  {"search":"%Alice%"}

This typically indicates a configuration error in your 
mocks setup, usually due to a typo or mismatched 
variable.
An error occurred! For more details, see the full 
error text at https://go.apollo.dev/c/err#%7B%22version
%22%3A%223.14.0%22%2C%22message%22%3A104%2C%22args%22%3
A%5B%22cache.diff%22%2C%22canonizeResults%22%2C%22Pleas
e%20remove%20this%20option.%22%5D%7D

[90mstderr[2m | 
src/pages/ChatPage/ChatPage.test.tsx[2m > 
[22m[2mChatSystem Component[2m > [22m[2mnavigates 
to "New Chat" and searches for parents
[22m[39mAn error occurred! For more details, see the 
full error text at https://go.apollo.dev/c/err#%7B%22ve
rsion%22%3A%223.14.0%22%2C%22message%22%3A104%2C%22args
%22%3A%5B%22cache.diff%22%2C%22canonizeResults%22%2C%22
Please%20remove%20this%20option.%22%5D%7D

[90mstderr[2m | 
src/pages/ChatPage/ChatPage.test.tsx[2m > 
[22m[2mChatSystem Component[2m > [22m[2mnavigates 
to "New Chat" and searches for parents
[22m[39mAn error occurred! For more details, see the 
full error text at https://go.apollo.dev/c/err#%7B%22ve
rsion%22%3A%223.14.0%22%2C%22message%22%3A49%2C%22args%
22%3A%5B%5D%7D

 [32mΓ£ô[39m src/components/Login/Login.test.tsx [2m([22m[2m2 tests[22m[2m)[22m[33m 850[2mms[22m[39m
     [33m[2mΓ£ô[22m[39m handles successful student login and navigation [33m 659[2mms[22m[39m
[90mstderr[2m | 
src/pages/ChatPage/ChatPage.test.tsx[2m > 
[22m[2mChatSystem Component[2m > [22m[2mnavigates 
to "New Chat" and searches for parents
[22m[39mAn error occurred! For more details, see the 
full error text at https://go.apollo.dev/c/err#%7B%22ve
rsion%22%3A%223.14.0%22%2C%22message%22%3A49%2C%22args%
22%3A%5B%5D%7D

[90mstderr[2m | 
src/pages/ChatPage/ChatPage.test.tsx[2m > 
[22m[2mChatSystem Component[2m > [22m[2mnavigates 
to "New Chat" and searches for parents
[22m[39mAn error occurred! For more details, see the 
full error text at https://go.apollo.dev/c/err#%7B%22ve
rsion%22%3A%223.14.0%22%2C%22message%22%3A104%2C%22args
%22%3A%5B%22cache.diff%22%2C%22canonizeResults%22%2C%22
Please%20remove%20this%20option.%22%5D%7D

[90mstderr[2m | 
src/pages/ChatPage/ChatPage.test.tsx[2m > 
[22m[2mChatSystem Component[2m > [22m[2mallows 
the user to type and send a message in an active chat
[22m[39mAn error occurred! For more details, see the 
full error text at https://go.apollo.dev/c/err#%7B%22ve
rsion%22%3A%223.14.0%22%2C%22message%22%3A104%2C%22args
%22%3A%5B%22MockedProvider%22%2C%22addTypename%22%2C%22
Please%20remove%20the%20%60addTypename%60%20prop.%20For
%20best%20results%2C%20ensure%20the%20provided%20%60moc
ks%60%20include%20a%20%60__typename%60%20property%20on%
20all%20mock%20objects%20to%20ensure%20the%20cache%20mo
re%20closely%20behaves%20like%20production.%22%5D%7D
An error occurred! For more details, see the full 
error text at https://go.apollo.dev/c/err#%7B%22version
%22%3A%223.14.0%22%2C%22message%22%3A104%2C%22args%22%3
A%5B%22InMemoryCache%22%2C%22addTypename%22%2C%22Please
%20remove%20the%20%60addTypename%60%20option%20when%20i
nitializing%20%60InMemoryCache%60.%22%5D%7D
An error occurred! For more details, see the full 
error text at https://go.apollo.dev/c/err#%7B%22version
%22%3A%223.14.0%22%2C%22message%22%3A104%2C%22args%22%3
A%5B%22cache.diff%22%2C%22canonizeResults%22%2C%22Pleas
e%20remove%20this%20option.%22%5D%7D

[90mstderr[2m | 
src/pages/ChatPage/ChatPage.test.tsx[2m > 
[22m[2mChatSystem Component[2m > [22m[2mallows 
the user to type and send a message in an active chat
[22m[39mAn error occurred! For more details, see the 
full error text at https://go.apollo.dev/c/err#%7B%22ve
rsion%22%3A%223.14.0%22%2C%22message%22%3A13%2C%22args%
22%3A%5B%22id%22%2C%22%7B%5Cn%20%20%5C%22name%5C%22%3A%
20%5C%22Alice%20Parent%5C%22%2C%5Cn%20%20%5C%22email%5C
%22%3A%20%5C%22a%40a.com%5C%22%5Cn%7D%22%5D%7D
An error occurred! For more details, see the full 
error text at https://go.apollo.dev/c/err#%7B%22version
%22%3A%223.14.0%22%2C%22message%22%3A13%2C%22args%22%3A
%5B%22teacher%22%2C%22%7B%5Cn%20%20%5C%22user_id%5C%22%
3A%2010%2C%5Cn%20%20%5C%22user_type%5C%22%3A%20%5C%22pa
rent%5C%22%2C%5Cn%20%20%5C%22parent%5C%22%3A%20%7B%5Cn%
20%20%20%20%5C%22name%5C%22%3A%20%5C%22Alice%20Parent%5
C%22%2C%5Cn%20%20%20%20%5C%22email%5C%22%3A%20%5C%22a%4
0a.com%5C%22%5Cn%20%20%7D%5Cn%7D%22%5D%7D
An error occurred! For more details, see the full 
error text at https://go.apollo.dev/c/err#%7B%22version
%22%3A%223.14.0%22%2C%22message%22%3A104%2C%22args%22%3
A%5B%22cache.diff%22%2C%22canonizeResults%22%2C%22Pleas
e%20remove%20this%20option.%22%5D%7D

[90mstderr[2m | 
src/pages/ChatPage/ChatPage.test.tsx[2m > 
[22m[2mChatSystem Component[2m > [22m[2mallows 
the user to type and send a message in an active chat
[22m[39mNo more mocked responses for the query: 
query GetChatMessages($chat_id: Int!) {
  messages(where: {chat_id: {_eq: $chat_id}}, 
order_by: {created_at: asc}) {
    id
    sender_id
    sender_name
    sender_type
    content
    created_at
    is_read
  }
}
Expected variables: {"chat_id":500}

This typically indicates a configuration error in your 
mocks setup, usually due to a typo or mismatched 
variable.

[90mstderr[2m | 
src/pages/ChatPage/ChatPage.test.tsx[2m > 
[22m[2mChatSystem Component[2m > [22m[2mallows 
the user to type and send a message in an active chat
[22m[39mAn error occurred! For more details, see the 
full error text at https://go.apollo.dev/c/err#%7B%22ve
rsion%22%3A%223.14.0%22%2C%22message%22%3A49%2C%22args%
22%3A%5B%5D%7D

[90mstderr[2m | 
src/pages/ChatPage/ChatPage.test.tsx[2m > 
[22m[2mChatSystem Component[2m > [22m[2mallows 
the user to type and send a message in an active chat
[22m[39mAn error occurred! For more details, see the 
full error text at https://go.apollo.dev/c/err#%7B%22ve
rsion%22%3A%223.14.0%22%2C%22message%22%3A13%2C%22args%
22%3A%5B%22sender_id%22%2C%22%7B%5Cn%20%20%5C%22id%5C%2
2%3A%201001%5Cn%7D%22%5D%7D
An error occurred! For more details, see the full 
error text at https://go.apollo.dev/c/err#%7B%22version
%22%3A%223.14.0%22%2C%22message%22%3A13%2C%22args%22%3A
%5B%22sender_name%22%2C%22%7B%5Cn%20%20%5C%22id%5C%22%3
A%201001%5Cn%7D%22%5D%7D
An error occurred! For more details, see the full 
error text at https://go.apollo.dev/c/err#%7B%22version
%22%3A%223.14.0%22%2C%22message%22%3A13%2C%22args%22%3A
%5B%22sender_type%22%2C%22%7B%5Cn%20%20%5C%22id%5C%22%3
A%201001%5Cn%7D%22%5D%7D
An error occurred! For more details, see the full 
error text at https://go.apollo.dev/c/err#%7B%22version
%22%3A%223.14.0%22%2C%22message%22%3A13%2C%22args%22%3A
%5B%22content%22%2C%22%7B%5Cn%20%20%5C%22id%5C%22%3A%20
1001%5Cn%7D%22%5D%7D
An error occurred! For more details, see the full 
error text at https://go.apollo.dev/c/err#%7B%22version
%22%3A%223.14.0%22%2C%22message%22%3A13%2C%22args%22%3A
%5B%22created_at%22%2C%22%7B%5Cn%20%20%5C%22id%5C%22%3A
%201001%5Cn%7D%22%5D%7D
An error occurred! For more details, see the full 
error text at https://go.apollo.dev/c/err#%7B%22version
%22%3A%223.14.0%22%2C%22message%22%3A13%2C%22args%22%3A
%5B%22is_read%22%2C%22%7B%5Cn%20%20%5C%22id%5C%22%3A%20
1001%5Cn%7D%22%5D%7D

[90mstderr[2m | 
src/pages/ChatPage/ChatPage.test.tsx[2m > 
[22m[2mChatSystem Component[2m > [22m[2mallows 
the user to type and send a message in an active chat
[22m[39mNo more mocked responses for the query: 
query GetChatMessages($chat_id: Int!) {
  messages(where: {chat_id: {_eq: $chat_id}}, 
order_by: {created_at: asc}) {
    id
    sender_id
    sender_name
    sender_type
    content
    created_at
    is_read
  }
}
Expected variables: {"chat_id":500}

This typically indicates a configuration error in your 
mocks setup, usually due to a typo or mismatched 
variable.

[90mstderr[2m | src/pages/ChatPage/ChatPage.test.tsx
[22m[39mAn error occurred! For more details, see the 
full error text at https://go.apollo.dev/c/err#%7B%22ve
rsion%22%3A%223.14.0%22%2C%22message%22%3A49%2C%22args%
22%3A%5B%5D%7D

[90mstderr[2m | src/pages/ChatPage/ChatPage.test.tsx
[22m[39mNo more mocked responses for the query: 
query GetUserChats($user_id: Int!, $user_type: 
String!) {
  chat_participants(
    where: {user_id: {_eq: $user_id}, user_type: {_eq: 
$user_type}}
  ) {
    chat {
      id
      type
      name
      chat_participants {
        user_id
        user_type
        parent {
          id
          name
          email
        }
        teacher {
          id
          name
          email
        }
      }
      messages(order_by: {created_at: desc}, limit: 1) 
{
        id
        sender_id
        sender_name
        sender_type
        content
        created_at
        is_read
      }
      messages_aggregate(where: {is_read: {_eq: 
false}, sender_id: {_neq: $user_id}}) {
        aggregate {
          count
        }
      }
    }
  }
}
Expected variables: {"user_id":1,"user_type":"teacher"}

This typically indicates a configuration error in your 
mocks setup, usually due to a typo or mismatched 
variable.

[90mstderr[2m | src/pages/ChatPage/ChatPage.test.tsx
[22m[39mAn error occurred! For more details, see the 
full error text at https://go.apollo.dev/c/err#%7B%22ve
rsion%22%3A%223.14.0%22%2C%22message%22%3A49%2C%22args%
22%3A%5B%5D%7D

Not implemented: Window's alert() method
[90mstderr[2m | src/pages/ChatPage/ChatPage.test.tsx
[22m[39mError sending message: ApolloError: No more 
mocked responses for the query: query 
GetUserChats($user_id: Int!, $user_type: String!) {
  chat_participants(
    where: {user_id: {_eq: $user_id}, user_type: {_eq: 
$user_type}}
  ) {
    chat {
      id
      type
      name
      chat_participants {
        user_id
        user_type
        parent {
          id
          name
          email
        }
        teacher {
          id
          name
          email
        }
      }
      messages(order_by: {created_at: desc}, limit: 1) 
{
        id
        sender_id
        sender_name
        sender_type
        content
        created_at
        is_read
      }
      messages_aggregate(where: {is_read: {_eq: 
false}, sender_id: {_neq: $user_id}}) {
        aggregate {
          count
        }
      }
    }
  }
}
Expected variables: {"user_id":1,"user_type":"teacher"}

    at new ApolloError [90m(C:\Users\akash\desktop\stu
dentManagementSystem\StudentManagement\[39mnode_module
s\[4m@apollo\client[24m\errors\errors.cjs:33:28[90m)
[39m
    at [90mC:\Users\akash\desktop\studentManagementSys
tem\StudentManagement\[39mnode_modules\[4m@apollo\cli
ent[24m\core\core.cjs:1859:78
    at both [90m(C:\Users\akash\desktop\studentManagem
entSystem\StudentManagement\[39mnode_modules\[4m@apol
lo\client[24m\utilities\utilities.cjs:1422:31[90m)[3
9m
    at [90mC:\Users\akash\desktop\studentManagementSys
tem\StudentManagement\[39mnode_modules\[4m@apollo\cli
ent[24m\utilities\utilities.cjs:1413:72
    at new Promise (<anonymous>)
    at Object.then [90m(C:\Users\akash\desktop\student
ManagementSystem\StudentManagement\[39mnode_modules\[
4m@apollo\client[24m\utilities\utilities.cjs:1413:24[
90m)[39m
    at Object.error [90m(C:\Users\akash\desktop\studen
tManagementSystem\StudentManagement\[39mnode_modules\
[4m@apollo\client[24m\utilities\utilities.cjs:1424:49
[90m)[39m
    at notifySubscription [90m(C:\Users\akash\desktop\
studentManagementSystem\StudentManagement\[39mnode_mod
ules\[4mzen-observable[24m\lib\Observable.js:140:18[
90m)[39m
    at onNotify [90m(C:\Users\akash\desktop\studentMan
agementSystem\StudentManagement\[39mnode_modules\[4mz
en-observable[24m\lib\Observable.js:179:3[90m)[39m
    at SubscriptionObserver.error [90m(C:\Users\akash\
desktop\studentManagementSystem\StudentManagement\[39m
node_modules\[4mzen-observable[24m\lib\Observable.js:
240:7[90m)[39m {
  graphQLErrors: [],
  protocolErrors: [],
  clientErrors: [],
  networkError: Error: No more mocked responses for 
the query: query GetUserChats($user_id: Int!, 
$user_type: String!) {
    chat_participants(
      where: {user_id: {_eq: $user_id}, user_type: 
{_eq: $user_type}}
    ) {
      chat {
        id
        type
        name
        chat_participants {
          user_id
          user_type
          parent {
            id
            name
            email
          }
          teacher {
            id
            name
            email
          }
        }
        messages(order_by: {created_at: desc}, limit: 
1) {
          id
          sender_id
          sender_name
          sender_type
          content
          created_at
          is_read
        }
        messages_aggregate(where: {is_read: {_eq: 
false}, sender_id: {_neq: $user_id}}) {
          aggregate {
            count
          }
        }
      }
    }
  }
  Expected variables: 
{"user_id":1,"user_type":"teacher"}
  
      at MockLink.request [90m(C:\Users\akash\desktop\
studentManagementSystem\StudentManagement\[39mnode_mod
ules\[4m@apollo\client[24m\testing\core\core.cjs:73:2
7[90m)[39m
      at Object.ApolloLink.execute [90m(C:\Users\akash
\desktop\studentManagementSystem\StudentManagement\[39
mnode_modules\[4m@apollo\client[24m\link\core\core.cj
s:66:22[90m)[39m
      at QueryManager.getObservableFromLink [90m(C:\Us
ers\akash\desktop\studentManagementSystem\StudentManage
ment\[39mnode_modules\[4m@apollo\client[24m\core\cor
e.cjs:1794:30[90m)[39m
      at QueryManager.getResultsFromLink [90m(C:\Users
\akash\desktop\studentManagementSystem\StudentManagemen
t\[39mnode_modules\[4m@apollo\client[24m\core\core.c
js:1832:40[90m)[39m
      at resultsFromLink [90m(C:\Users\akash\desktop\s
tudentManagementSystem\StudentManagement\[39mnode_modu
les\[4m@apollo\client[24m\core\core.cjs:2057:26[90m)
[39m
      at QueryManager.fetchQueryByPolicy [90m(C:\Users
\akash\desktop\studentManagementSystem\StudentManagemen
t\[39mnode_modules\[4m@apollo\client[24m\core\core.c
js:2109:52[90m)[39m
      at fromVariables [90m(C:\Users\akash\desktop\stu
dentManagementSystem\StudentManagement\[39mnode_module
s\[4m@apollo\client[24m\core\core.cjs:1885:41[90m)[
39m
      at QueryManager.fetchConcastWithInfo [90m(C:\Use
rs\akash\desktop\studentManagementSystem\StudentManagem
ent\[39mnode_modules\[4m@apollo\client[24m\core\core
.cjs:1908:35[90m)[39m
      at ObservableQuery.fetch [90m(C:\Users\akash\des
ktop\studentManagementSystem\StudentManagement\[39mnod
e_modules\[4m@apollo\client[24m\core\core.cjs:658:57
[90m)[39m
      at ObservableQuery.reobserveAsConcast [90m(C:\Us
ers\akash\desktop\studentManagementSystem\StudentManage
ment\[39mnode_modules\[4m@apollo\client[24m\core\cor
e.cjs:753:23[90m)[39m,
  extraInfo: [90mundefined[39m,
  cause: Error: No more mocked responses for the 
query: query GetUserChats($user_id: Int!, $user_type: 
String!) {
    chat_participants(
      where: {user_id: {_eq: $user_id}, user_type: 
{_eq: $user_type}}
    ) {
      chat {
        id
        type
        name
        chat_participants {
          user_id
          user_type
          parent {
            id
            name
            email
          }
          teacher {
            id
            name
            email
          }
        }
        messages(order_by: {created_at: desc}, limit: 
1) {
          id
          sender_id
          sender_name
          sender_type
 [32mΓ£ô[39m src/pages/ChatPage/ChatPage.test.tsx [2m([22m[2m3 tests[22m[2m)[22m[33m 1299[2mms[22m[39m
     [33m[2mΓ£ô[22m[39m renders the sidebar and the default empty state for a teacher [33m 800[2mms[22m[39m
          content
          created_at
          is_read
        }
        messages_aggregate(where: {is_read: {_eq: 
false}, sender_id: {_neq: $user_id}}) {
          aggregate {
            count
          }
        }
      }
    }
  }
  Expected variables: 
{"user_id":1,"user_type":"teacher"}
  
      at MockLink.request [90m(C:\Users\akash\desktop\
studentManagementSystem\StudentManagement\[39mnode_mod
ules\[4m@apollo\client[24m\testing\core\core.cjs:73:2
7[90m)[39m
      at Object.ApolloLink.execute [90m(C:\Users\akash
\desktop\studentManagementSystem\StudentManagement\[39
mnode_modules\[4m@apollo\client[24m\link\core\core.cj
s:66:22[90m)[39m
      at QueryManager.getObservableFromLink [90m(C:\Us
ers\akash\desktop\studentManagementSystem\StudentManage
ment\[39mnode_modules\[4m@apollo\client[24m\core\cor
e.cjs:1794:30[90m)[39m
      at QueryManager.getResultsFromLink [90m(C:\Users
\akash\desktop\studentManagementSystem\StudentManagemen
t\[39mnode_modules\[4m@apollo\client[24m\core\core.c
js:1832:40[90m)[39m
      at resultsFromLink [90m(C:\Users\akash\desktop\s
tudentManagementSystem\StudentManagement\[39mnode_modu
les\[4m@apollo\client[24m\core\core.cjs:2057:26[90m)
[39m
      at QueryManager.fetchQueryByPolicy [90m(C:\Users
\akash\desktop\studentManagementSystem\StudentManagemen
t\[39mnode_modules\[4m@apollo\client[24m\core\core.c
js:2109:52[90m)[39m
      at fromVariables [90m(C:\Users\akash\desktop\stu
dentManagementSystem\StudentManagement\[39mnode_module
s\[4m@apollo\client[24m\core\core.cjs:1885:41[90m)[
39m
      at QueryManager.fetchConcastWithInfo [90m(C:\Use
rs\akash\desktop\studentManagementSystem\StudentManagem
ent\[39mnode_modules\[4m@apollo\client[24m\core\core
.cjs:1908:35[90m)[39m
      at ObservableQuery.fetch [90m(C:\Users\akash\des
ktop\studentManagementSystem\StudentManagement\[39mnod
e_modules\[4m@apollo\client[24m\core\core.cjs:658:57
[90m)[39m
      at ObservableQuery.reobserveAsConcast [90m(C:\Us
ers\akash\desktop\studentManagementSystem\StudentManage
ment\[39mnode_modules\[4m@apollo\client[24m\core\cor
e.cjs:753:23[90m)[39m
}

[90mstderr[2m | 
src/pages/MarksEntry/MarksEntry.test.tsx[2m > 
[22m[2mMarksEntrySystem[2m > [22m[2mvalidates 
required fields before allowing save
[22m[39mAn error occurred! For more details, see the 
full error text at https://go.apollo.dev/c/err#%7B%22ve
rsion%22%3A%223.14.0%22%2C%22message%22%3A104%2C%22args
%22%3A%5B%22MockedProvider%22%2C%22addTypename%22%2C%22
Please%20remove%20the%20%60addTypename%60%20prop.%20For
%20best%20results%2C%20ensure%20the%20provided%20%60moc
ks%60%20include%20a%20%60__typename%60%20property%20on%
20all%20mock%20objects%20to%20ensure%20the%20cache%20mo
re%20closely%20behaves%20like%20production.%22%5D%7D
An error occurred! For more details, see the full 
error text at https://go.apollo.dev/c/err#%7B%22version
%22%3A%223.14.0%22%2C%22message%22%3A104%2C%22args%22%3
A%5B%22InMemoryCache%22%2C%22addTypename%22%2C%22Please
%20remove%20the%20%60addTypename%60%20option%20when%20i
nitializing%20%60InMemoryCache%60.%22%5D%7D
An error occurred! For more details, see the full 
error text at https://go.apollo.dev/c/err#%7B%22version
%22%3A%223.14.0%22%2C%22message%22%3A78%2C%22args%22%3A
%5B%22useLazyQuery%22%2C%22onCompleted%22%2C%22If%20you
r%20%60onCompleted%60%20callback%20sets%20local%20state
%2C%20switch%20to%20use%20derived%20state%20using%20%60
data%60%20returned%20from%20the%20hook%20instead.%20Use
%20%60useEffect%60%20to%20perform%20side-effects%20as%2
0a%20result%20of%20updates%20to%20%60data%60.%22%5D%7D
An error occurred! For more details, see the full 
error text at https://go.apollo.dev/c/err#%7B%22version
%22%3A%223.14.0%22%2C%22message%22%3A78%2C%22args%22%3A
%5B%22useLazyQuery%22%2C%22onError%22%2C%22If%20your%20
%60onError%60%20callback%20sets%20local%20state%2C%20sw
itch%20to%20use%20derived%20state%20using%20%60data%60%
2C%20%60error%60%20or%20%60errors%60%20returned%20from%
20the%20hook%20instead.%20Use%20%60useEffect%60%20if%20
you%20need%20to%20perform%20side-effects%20as%20a%20res
ult%20of%20updates%20to%20%60data%60%2C%20%60error%60%2
0or%20%60errors%60.%22%5D%7D
An error occurred! For more details, see the full 
error text at https://go.apollo.dev/c/err#%7B%22version
%22%3A%223.14.0%22%2C%22message%22%3A78%2C%22args%22%3A
%5B%22useLazyQuery%22%2C%22onCompleted%22%2C%22If%20you
r%20%60onCompleted%60%20callback%20sets%20local%20state
%2C%20switch%20to%20use%20derived%20state%20using%20%60
data%60%20returned%20from%20the%20hook%20instead.%20Use
%20%60useEffect%60%20to%20perform%20side-effects%20as%2
0a%20result%20of%20updates%20to%20%60data%60.%22%5D%7D
An error occurred! For more details, see the full 
error text at https://go.apollo.dev/c/err#%7B%22version
%22%3A%223.14.0%22%2C%22message%22%3A78%2C%22args%22%3A
%5B%22useLazyQuery%22%2C%22onError%22%2C%22If%20your%20
%60onError%60%20callback%20sets%20local%20state%2C%20sw
itch%20to%20use%20derived%20state%20using%20%60data%60%
2C%20%60error%60%20or%20%60errors%60%20returned%20from%
20the%20hook%20instead.%20Use%20%60useEffect%60%20if%20
you%20need%20to%20perform%20side-effects%20as%20a%20res
ult%20of%20updates%20to%20%60data%60%2C%20%60error%60%2
0or%20%60errors%60.%22%5D%7D
An error occurred! For more details, see the full 
error text at https://go.apollo.dev/c/err#%7B%22version
%22%3A%223.14.0%22%2C%22message%22%3A78%2C%22args%22%3A
%5B%22useLazyQuery%22%2C%22onCompleted%22%2C%22If%20you
r%20%60onCompleted%60%20callback%20sets%20local%20state
%2C%20switch%20to%20use%20derived%20state%20using%20%60
data%60%20returned%20from%20the%20hook%20instead.%20Use
%20%60useEffect%60%20to%20perform%20side-effects%20as%2
0a%20result%20of%20updates%20to%20%60data%60.%22%5D%7D
An error occurred! For more details, see the full 
error text at https://go.apollo.dev/c/err#%7B%22version
%22%3A%223.14.0%22%2C%22message%22%3A78%2C%22args%22%3A
%5B%22useLazyQuery%22%2C%22onError%22%2C%22If%20your%20
%60onError%60%20callback%20sets%20local%20state%2C%20sw
itch%20to%20use%20derived%20state%20using%20%60data%60%
2C%20%60error%60%20or%20%60errors%60%20returned%20from%
20the%20hook%20instead.%20Use%20%60useEffect%60%20if%20
you%20need%20to%20perform%20side-effects%20as%20a%20res
ult%20of%20updates%20to%20%60data%60%2C%20%60error%60%2
0or%20%60errors%60.%22%5D%7D
An error occurred! For more details, see the full 
error text at https://go.apollo.dev/c/err#%7B%22version
%22%3A%223.14.0%22%2C%22message%22%3A78%2C%22args%22%3A
%5B%22useLazyQuery%22%2C%22onCompleted%22%2C%22If%20you
r%20%60onCompleted%60%20callback%20sets%20local%20state
%2C%20switch%20to%20use%20derived%20state%20using%20%60
data%60%20returned%20from%20the%20hook%20instead.%20Use
%20%60useEffect%60%20to%20perform%20side-effects%20as%2
0a%20result%20of%20updates%20to%20%60data%60.%22%5D%7D
An error occurred! For more details, see the full 
error text at https://go.apollo.dev/c/err#%7B%22version
%22%3A%223.14.0%22%2C%22message%22%3A78%2C%22args%22%3A
%5B%22useLazyQuery%22%2C%22onError%22%2C%22If%20your%20
%60onError%60%20callback%20sets%20local%20state%2C%20sw
itch%20to%20use%20derived%20state%20using%20%60data%60%
2C%20%60error%60%20or%20%60errors%60%20returned%20from%
20the%20hook%20instead.%20Use%20%60useEffect%60%20if%20
you%20need%20to%20perform%20side-effects%20as%20a%20res
ult%20of%20updates%20to%20%60data%60%2C%20%60error%60%2
0or%20%60errors%60.%22%5D%7D
An error occurred! For more details, see the full 
error text at https://go.apollo.dev/c/err#%7B%22version
%22%3A%223.14.0%22%2C%22message%22%3A104%2C%22args%22%3
A%5B%22cache.diff%22%2C%22canonizeResults%22%2C%22Pleas
e%20remove%20this%20option.%22%5D%7D
No more mocked responses for the query: query 
GetAllSubjects($className: String!) {
  subjects(
    where: {class_name: {_eq: $className}}
    order_by: {name: asc}
    distinct_on: name
  ) {
    id
    name
  }
}
Expected variables: {"className":"10"}

This typically indicates a configuration error in your 
mocks setup, usually due to a typo or mismatched 
variable.

[90mstderr[2m | 
src/pages/MarksEntry/MarksEntry.test.tsx[2m > 
[22m[2mMarksEntrySystem[2m > [22m[2mvalidates 
required fields before allowing save
[22m[39mAn error occurred! For more details, see the 
full error text at https://go.apollo.dev/c/err#%7B%22ve
rsion%22%3A%223.14.0%22%2C%22message%22%3A49%2C%22args%
22%3A%5B%5D%7D

 [31mΓ¥»[39m src/components/Signup/Signup.test.tsx [2m([22m[2m5 tests[22m[2m | [22m[31m1 failed[39m[2m)[22m[33m 1720[2mms[22m[39m
     [33m[2mΓ£ô[22m[39m 1. should show validation errors for empty fields on submit [33m 328[2mms[22m[39m
     [32mΓ£ô[39m 2. should show error for invalid password format[32m 97[2mms[22m[39m
     [32mΓ£ô[39m 3. should update field values on change[32m 62[2mms[22m[39m
     [32mΓ£ô[39m 4. should call authService.signup and redirect on success[32m 145[2mms[22m[39m
[31m     [31m├ù[31m 5. should display error message when signup fails[39m[33m 1083[2mms[22m[39m
 [32mΓ£ô[39m src/pages/AdminUpload/AdminUpload.test.tsx [2m([22m[2m6 tests[22m[2m)[22m[33m 3258[2mms[22m[39m
     [33m[2mΓ£ô[22m[39m should show student fields when student type is selected [33m 646[2mms[22m[39m
     [33m[2mΓ£ô[22m[39m should show progress when upload starts [33m 2147[2mms[22m[39m
[90mstderr[2m | 
src/pages/MarksEntry/MarksEntry.test.tsx[2m > 
[22m[2mMarksEntrySystem[2m > [22m[2mvalidates 
required fields before allowing save
[22m[39mAn error occurred! For more details, see the 
full error text at https://go.apollo.dev/c/err#%7B%22ve
rsion%22%3A%223.14.0%22%2C%22message%22%3A104%2C%22args
%22%3A%5B%22MockedProvider%22%2C%22addTypename%22%2C%22
Please%20remove%20the%20%60addTypename%60%20prop.%20For
%20best%20results%2C%20ensure%20the%20provided%20%60moc
ks%60%20include%20a%20%60__typename%60%20property%20on%
20all%20mock%20objects%20to%20ensure%20the%20cache%20mo
re%20closely%20behaves%20like%20production.%22%5D%7D
An error occurred! For more details, see the full 
error text at https://go.apollo.dev/c/err#%7B%22version
%22%3A%223.14.0%22%2C%22message%22%3A104%2C%22args%22%3
A%5B%22InMemoryCache%22%2C%22addTypename%22%2C%22Please
%20remove%20the%20%60addTypename%60%20option%20when%20i
nitializing%20%60InMemoryCache%60.%22%5D%7D
An error occurred! For more details, see the full 
error text at https://go.apollo.dev/c/err#%7B%22version
%22%3A%223.14.0%22%2C%22message%22%3A78%2C%22args%22%3A
%5B%22useLazyQuery%22%2C%22onCompleted%22%2C%22If%20you
r%20%60onCompleted%60%20callback%20sets%20local%20state
%2C%20switch%20to%20use%20derived%20state%20using%20%60
data%60%20returned%20from%20the%20hook%20instead.%20Use
%20%60useEffect%60%20to%20perform%20side-effects%20as%2
0a%20result%20of%20updates%20to%20%60data%60.%22%5D%7D
An error occurred! For more details, see the full 
error text at https://go.apollo.dev/c/err#%7B%22version
%22%3A%223.14.0%22%2C%22message%22%3A78%2C%22args%22%3A
%5B%22useLazyQuery%22%2C%22onError%22%2C%22If%20your%20
%60onError%60%20callback%20sets%20local%20state%2C%20sw
itch%20to%20use%20derived%20state%20using%20%60data%60%
2C%20%60error%60%20or%20%60errors%60%20returned%20from%
20the%20hook%20instead.%20Use%20%60useEffect%60%20if%20
you%20need%20to%20perform%20side-effects%20as%20a%20res
ult%20of%20updates%20to%20%60data%60%2C%20%60error%60%2
0or%20%60errors%60.%22%5D%7D
An error occurred! For more details, see the full 
error text at https://go.apollo.dev/c/err#%7B%22version
%22%3A%223.14.0%22%2C%22message%22%3A78%2C%22args%22%3A
%5B%22useLazyQuery%22%2C%22onCompleted%22%2C%22If%20you
r%20%60onCompleted%60%20callback%20sets%20local%20state
%2C%20switch%20to%20use%20derived%20state%20using%20%60
data%60%20returned%20from%20the%20hook%20instead.%20Use
%20%60useEffect%60%20to%20perform%20side-effects%20as%2
0a%20result%20of%20updates%20to%20%60data%60.%22%5D%7D
An error occurred! For more details, see the full 
error text at https://go.apollo.dev/c/err#%7B%22version
%22%3A%223.14.0%22%2C%22message%22%3A78%2C%22args%22%3A
%5B%22useLazyQuery%22%2C%22onError%22%2C%22If%20your%20
%60onError%60%20callback%20sets%20local%20state%2C%20sw
itch%20to%20use%20derived%20state%20using%20%60data%60%
2C%20%60error%60%20or%20%60errors%60%20returned%20from%
20the%20hook%20instead.%20Use%20%60useEffect%60%20if%20
you%20need%20to%20perform%20side-effects%20as%20a%20res
ult%20of%20updates%20to%20%60data%60%2C%20%60error%60%2
0or%20%60errors%60.%22%5D%7D
An error occurred! For more details, see the full 
error text at https://go.apollo.dev/c/err#%7B%22version
%22%3A%223.14.0%22%2C%22message%22%3A78%2C%22args%22%3A
%5B%22useLazyQuery%22%2C%22onCompleted%22%2C%22If%20you
r%20%60onCompleted%60%20callback%20sets%20local%20state
%2C%20switch%20to%20use%20derived%20state%20using%20%60
data%60%20returned%20from%20the%20hook%20instead.%20Use
%20%60useEffect%60%20to%20perform%20side-effects%20as%2
0a%20result%20of%20updates%20to%20%60data%60.%22%5D%7D
An error occurred! For more details, see the full 
error text at https://go.apollo.dev/c/err#%7B%22version
%22%3A%223.14.0%22%2C%22message%22%3A78%2C%22args%22%3A
%5B%22useLazyQuery%22%2C%22onError%22%2C%22If%20your%20
%60onError%60%20callback%20sets%20local%20state%2C%20sw
itch%20to%20use%20derived%20state%20using%20%60data%60%
2C%20%60error%60%20or%20%60errors%60%20returned%20from%
20the%20hook%20instead.%20Use%20%60useEffect%60%20if%20
you%20need%20to%20perform%20side-effects%20as%20a%20res
ult%20of%20updates%20to%20%60data%60%2C%20%60error%60%2
0or%20%60errors%60.%22%5D%7D
An error occurred! For more details, see the full 
error text at https://go.apollo.dev/c/err#%7B%22version
%22%3A%223.14.0%22%2C%22message%22%3A78%2C%22args%22%3A
%5B%22useLazyQuery%22%2C%22onCompleted%22%2C%22If%20you
r%20%60onCompleted%60%20callback%20sets%20local%20state
%2C%20switch%20to%20use%20derived%20state%20using%20%60
data%60%20returned%20from%20the%20hook%20instead.%20Use
%20%60useEffect%60%20to%20perform%20side-effects%20as%2
0a%20result%20of%20updates%20to%20%60data%60.%22%5D%7D
An error occurred! For more details, see the full 
error text at https://go.apollo.dev/c/err#%7B%22version
%22%3A%223.14.0%22%2C%22message%22%3A78%2C%22args%22%3A
%5B%22useLazyQuery%22%2C%22onError%22%2C%22If%20your%20
%60onError%60%20callback%20sets%20local%20state%2C%20sw
itch%20to%20use%20derived%20state%20using%20%60data%60%
2C%20%60error%60%20or%20%60errors%60%20returned%20from%
20the%20hook%20instead.%20Use%20%60useEffect%60%20if%20
you%20need%20to%20perform%20side-effects%20as%20a%20res
ult%20of%20updates%20to%20%60data%60%2C%20%60error%60%2
0or%20%60errors%60.%22%5D%7D
An error occurred! For more details, see the full 
error text at https://go.apollo.dev/c/err#%7B%22version
%22%3A%223.14.0%22%2C%22message%22%3A104%2C%22args%22%3
A%5B%22cache.diff%22%2C%22canonizeResults%22%2C%22Pleas
e%20remove%20this%20option.%22%5D%7D
No more mocked responses for the query: query 
GetAllSubjects($className: String!) {
  subjects(
    where: {class_name: {_eq: $className}}
    order_by: {name: asc}
    distinct_on: name
  ) {
    id
    name
  }
}
Expected variables: {"className":"10"}

This typically indicates a configuration error in your 
mocks setup, usually due to a typo or mismatched 
variable.

[90mstderr[2m | 
src/pages/MarksEntry/MarksEntry.test.tsx[2m > 
[22m[2mMarksEntrySystem[2m > [22m[2mvalidates 
required fields before allowing save
[22m[39mAn error occurred! For more details, see the 
full error text at https://go.apollo.dev/c/err#%7B%22ve
rsion%22%3A%223.14.0%22%2C%22message%22%3A49%2C%22args%
22%3A%5B%5D%7D

 [32mΓ£ô[39m src/context/AuthContext.test.tsx [2m([22m[2m3 tests[22m[2m)[22m[32m 46[2mms[22m[39m
 [31mΓ¥»[39m src/pages/MarksEntry/MarksEntry.test.tsx [2m([22m[2m3 tests[22m[2m | [22m[31m3 failed[39m[2m)[22m[33m 4232[2mms[22m[39m
[31m     [31m├ù[31m renders student list and calculates grade when marks are entered[39m[33m 1990[2mms[22m[39m
[31m     [31m├ù[31m validates required fields before allowing save[39m[33m 1132[2mms[22m[39m
[31m     [31m├ù[31m validates required fields before allowing save[39m[33m 1105[2mms[22m[39m
[90mstderr[2m | src/pages/StudentDashboard/StudentDas
hboard.test.tsx[2m > [22m[2mStudentDashboard[2m > 
[22m[2mshows loading state initially
[22m[39mAn error occurred! For more details, see the 
full error text at https://go.apollo.dev/c/err#%7B%22ve
rsion%22%3A%223.14.0%22%2C%22message%22%3A104%2C%22args
%22%3A%5B%22MockedProvider%22%2C%22addTypename%22%2C%22
Please%20remove%20the%20%60addTypename%60%20prop.%20For
%20best%20results%2C%20ensure%20the%20provided%20%60moc
ks%60%20include%20a%20%60__typename%60%20property%20on%
20all%20mock%20objects%20to%20ensure%20the%20cache%20mo
re%20closely%20behaves%20like%20production.%22%5D%7D
An error occurred! For more details, see the full 
error text at https://go.apollo.dev/c/err#%7B%22version
%22%3A%223.14.0%22%2C%22message%22%3A104%2C%22args%22%3
A%5B%22InMemoryCache%22%2C%22addTypename%22%2C%22Please
%20remove%20the%20%60addTypename%60%20option%20when%20i
nitializing%20%60InMemoryCache%60.%22%5D%7D
An error occurred! For more details, see the full 
error text at https://go.apollo.dev/c/err#%7B%22version
%22%3A%223.14.0%22%2C%22message%22%3A104%2C%22args%22%3
A%5B%22cache.diff%22%2C%22canonizeResults%22%2C%22Pleas
e%20remove%20this%20option.%22%5D%7D
No more mocked responses for the query: query 
GetStudentDetails($student_id: Int!) {
  students_by_pk(id: $student_id) {
    id
    name
    admission_no
    class
    section
    marks {
      subject_name
      exam_name
      marks_obtained
      max_marks
      grade
    }
  }
}
Expected variables: {"student_id":1}

This typically indicates a configuration error in your 
mocks setup, usually due to a typo or mismatched 
variable.

[90mstderr[2m | 
src/pages/StudentDashboard/StudentDashboard.test.tsx
[22m[39mAn error occurred! For more details, see the 
full error text at https://go.apollo.dev/c/err#%7B%22ve
rsion%22%3A%223.14.0%22%2C%22message%22%3A49%2C%22args%
22%3A%5B%5D%7D

 [32mΓ£ô[39m src/pages/StudentDashboard/StudentDashboard.test.tsx [2m([22m[2m1 test[22m[2m)[22m[32m 94[2mms[22m[39m
[90mstderr[2m | 
src/pages/StudentDetails/StudentDetails.test.tsx[2m > 
[22m[2mStudentDetails (Parent View)[2m > 
[22m[2mrenders error state when user is not logged in
[22m[39mAn error occurred! For more details, see the 
full error text at https://go.apollo.dev/c/err#%7B%22ve
rsion%22%3A%223.14.0%22%2C%22message%22%3A104%2C%22args
%22%3A%5B%22MockedProvider%22%2C%22addTypename%22%2C%22
Please%20remove%20the%20%60addTypename%60%20prop.%20For
%20best%20results%2C%20ensure%20the%20provided%20%60moc
ks%60%20include%20a%20%60__typename%60%20property%20on%
20all%20mock%20objects%20to%20ensure%20the%20cache%20mo
re%20closely%20behaves%20like%20production.%22%5D%7D
An error occurred! For more details, see the full 
error text at https://go.apollo.dev/c/err#%7B%22version
%22%3A%223.14.0%22%2C%22message%22%3A104%2C%22args%22%3
A%5B%22InMemoryCache%22%2C%22addTypename%22%2C%22Please
%20remove%20the%20%60addTypename%60%20option%20when%20i
nitializing%20%60InMemoryCache%60.%22%5D%7D

 [32mΓ£ô[39m src/pages/StudentDetails/StudentDetails.test.tsx [2m([22m[2m1 test[22m[2m)[22m[32m 55[2mms[22m[39m

[31mΓÄ»ΓÄ»ΓÄ»ΓÄ»ΓÄ»ΓÄ»ΓÄ»[39m[1m[41m Failed Tests 
9 [49m[22m[31mΓÄ»ΓÄ»ΓÄ»ΓÄ»ΓÄ»ΓÄ»ΓÄ»[39m

[41m[1m FAIL [22m[49m 
src/components/AboutUs/AboutUs.test.tsx[2m > 
[22mAboutUs Component[2m > [22mapplies correct 
order for left/right image positioning
[31m[1mTypeError[22m: Cannot read properties of 
undefined (reading 'firstElementChild')[39m
[36m [2mΓ¥»[22m src/components/AboutUs/AboutUs.test.
tsx:[2m43:39[22m[39m
    [90m 41| [39m    [90m// Section 1 is "Our 
Mission" (Image Left)[39m
    [90m 42| [39m    [35mconst[39m missionSection 
[33m=[39m sections[[34m1[39m][33m;[39m
    [90m 43| [39m    [35mconst[39m firstChild 
[33m=[39m 
missionSection[33m.[39mfirstElementChild[33m;[39m
    [90m   | [39m                                    
  [31m^[39m
    [90m 44| [39m    
    [90m 45| [39m    // Check if the first child of 
the mission section contains the imΓÇª

[31m[2mΓÄ»ΓÄ»ΓÄ»ΓÄ»ΓÄ»ΓÄ»ΓÄ»ΓÄ»ΓÄ»ΓÄ»ΓÄ»ΓÄ»ΓÄ»ΓÄ»ΓÄ»Γ
Ä»ΓÄ»ΓÄ»ΓÄ»ΓÄ»ΓÄ»ΓÄ»ΓÄ»ΓÄ»[1/9]ΓÄ»[22m[39m

[41m[1m FAIL [22m[49m 
src/components/Facilities/Facilities.test.tsx[2m > 
[22mFacilities Component[2m > [22mapplies correct 
styling classes to icons containers
[31m[1mError[22m: [2mexpect([22m[31melement[31m
[2m).toHaveClass([22m[32m[32m"w-16 h-16 
rounded-xl"[32m[31m[2m)[22m

Expected the element to have class:
[32m  w-16 h-16 rounded-xl[31m
Received:
[31m  w-12 sm:w-14 md:w-16 h-12 sm:h-14 md:h-16 
bg-blue-100 rounded-lg sm:rounded-xl text-2xl 
sm:text-2xl md:text-3xl flex items-center 
justify-center flex-shrink-0[31m[39m
[36m [2mΓ¥»[22m src/components/Facilities/Facilities
.test.tsx:[2m56:32[22m[39m
    [90m 54| [39m    [35mconst[39m 
firstIconContainer [33m=[39m container[33m.[39m[34
mquerySelector[39m([32m".bg-blue-100"[39m)[33m;[39
m
    [90m 55| [39m    [34mexpect[39m(firstIconContai
ner)[33m.[39m[34mtoBeInTheDocument[39m()[33m;[39m
    [90m 56| [39m    
expect(firstIconContainer).toHaveClass("w-16", "h-16", 
"rounded-xlΓÇª
    [90m   | [39m                               
[31m^[39m
    [90m 57| [39m  })[33m;[39m
    [90m 58| [39m

[31m[2mΓÄ»ΓÄ»ΓÄ»ΓÄ»ΓÄ»ΓÄ»ΓÄ»ΓÄ»ΓÄ»ΓÄ»ΓÄ»ΓÄ»ΓÄ»ΓÄ»ΓÄ»Γ
Ä»ΓÄ»ΓÄ»ΓÄ»ΓÄ»ΓÄ»ΓÄ»ΓÄ»ΓÄ»[2/9]ΓÄ»[22m[39m

[41m[1m FAIL [22m[49m 
src/components/Signup/Signup.test.tsx[2m > 
[22mSignup Component[2m > [22m5. should display 
error message when signup fails
[31m[1mTestingLibraryElementError[22m[39m: Unable 
to find an element with the text: /Signup failed: 
Email already exists/i. This could be because the text 
is broken up by multiple elements. In this case, you 
can provide a function for your text matcher to make 
your matcher more flexible.

Ignored nodes: comments, script, style
[36m<body>[39m
  [36m<div>[39m
    [36m<div[39m
      [33mclass[39m=[32m"min-h-screen 
bg-gradient-to-br from-blue-50 to-purple-50 flex 
items-center justify-center p-3 sm:p-4 md:p-6"[39m
    [36m>[39m
      [36m<div[39m
        [33mclass[39m=[32m"w-full max-w-xs 
sm:max-w-md bg-white rounded-lg sm:rounded-2xl 
shadow-lg sm:shadow-xl p-5 sm:p-6 md:p-8"[39m
      [36m>[39m
        [36m<div[39m
          [33mclass[39m=[32m"text-center mb-6 
sm:mb-8"[39m
        [36m>[39m
          [36m<div[39m
            [33mclass[39m=[32m"w-12 sm:w-14 md:w-16 
h-12 sm:h-14 md:h-16 bg-gradient-to-br from-blue-500 
to-purple-600 rounded-lg sm:rounded-xl md:rounded-2xl 
flex items-center justify-center mx-auto mb-3 
sm:mb-4"[39m
          [36m>[39m
            [36m<svg[39m
              [33maria-hidden[39m=[32m"true"[39m
              [33mclass[39m=[32m"lucide 
lucide-building2 lucide-building-2 w-6 sm:w-7 md:w-8 
h-6 sm:h-7 md:h-8 text-white"[39m
              [33mfill[39m=[32m"none"[39m
              [33mheight[39m=[32m"24"[39m
              [33mstroke[39m=[32m"currentColor"[39m
              
[33mstroke-linecap[39m=[32m"round"[39m
              
[33mstroke-linejoin[39m=[32m"round"[39m
              [33mstroke-width[39m=[32m"2"[39m
              [33mviewBox[39m=[32m"0 0 24 24"[39m
              [33mwidth[39m=[32m"24"[39m
              
[33mxmlns[39m=[32m"http://www.w3.org/2000/svg"[39m
            [36m>[39m
              [36m<path[39m
                [33md[39m=[32m"M10 12h4"[39m
              [36m/>[39m
              [36m<path[39m
                [33md[39m=[32m"M10 8h4"[39m
              [36m/>[39m
              [36m<path[39m
                [33md[39m=[32m"M14 21v-3a2 2 0 0 
0-4 0v3"[39m
              [36m/>[39m
              [36m<path[39m
                [33md[39m=[32m"M6 10H4a2 2 0 0 0-2 
2v7a2 2 0 0 0 2 2h16a2 2 0 0 0 2-2V9a2 2 0 0 
0-2-2h-2"[39m
              [36m/>[39m
              [36m<path[39m
                [33md[39m=[32m"M6 21V5a2 2 0 0 1 
2-2h8a2 2 0 0 1 2 2v16"[39m
              [36m/>[39m
            [36m</svg>[39m
          [36m</div>[39m
          [36m<h2[39m
            [33mclass[39m=[32m"text-xl sm:text-2xl 
font-bold text-gray-900"[39m
          [36m>[39m
            [0mAdmin Registration[0m
          [36m</h2>[39m
          [36m<p[39m
            [33mclass[39m=[32m"text-gray-600 
text-xs sm:text-sm mt-1 sm:mt-2"[39m
          [36m>[39m
            [0mCreate your school's admin account[0m
          [36m</p>[39m
        [36m</div>[39m
        [36m<form[39m
          [33mclass[39m=[32m"space-y-3 sm:space-y-4 
md:space-y-5"[39m
        [36m>[39m
          [36m<div>[39m
            [36m<label[39m
              [33mclass[39m=[32m"block text-xs 
sm:text-sm font-medium text-gray-700 mb-1 sm:mb-2"[39m
            [36m>[39m
              [0mSchool Name[0m
              [0m [0m
              [36m<span[39m
                
[33mclass[39m=[32m"text-red-500"[39m
              [36m>[39m
                [0m*[0m
              [36m</span>[39m
            [36m</label>[39m
            [36m<div[39m
              [33mclass[39m=[32m"relative"[39m
            [36m>[39m
              [36m<svg[39m
                [33maria-hidden[39m=[32m"true"[39m
                [33mclass[39m=[32m"lucide 
lucide-building2 lucide-building-2 absolute left-3 
top-1/2 transform -translate-y-1/2 w-4 sm:w-5 h-4 
sm:h-5 text-gray-400"[39m
                [33mfill[39m=[32m"none"[39m
                [33mheight[39m=[32m"24"[39m
                
[33mstroke[39m=[32m"currentColor"[39m
                
[33mstroke-linecap[39m=[32m"round"[39m
                
[33mstroke-linejoin[39m=[32m"round"[39m
                [33mstroke-width[39m=[32m"2"[39m
                [33mviewBox[39m=[32m"0 0 24 24"[39m
                [33mwidth[39m=[32m"24"[39m
                
[33mxmlns[39m=[32m"http://www.w3.org/2000/svg"[39m
              [36m>[39m
                [36m<path[39m
                  [33md[39m=[32m"M10 12h4"[39m
                [36m/>[39m
                [36m<path[39m
                  [33md[39m=[32m"M10 8h4"[39m
                [36m/>[39m
                [36m<path[39m
                  [33md[39m=[32m"M14 21v-3a2 2 0 0 
0-4 0v3"[39m
                [36m/>[39m
                [36m<path[39m
                  [33md[39m=[32m"M6 10H4a2 2 0 0 
0-2 2v7a2 2 0 0 0 2 2h16a2 2 0 0 0 2-2V9a2 2 0 0 
0-2-2h-2"[39m
                [36m/>[39m
                [36m<path[39m
                  [33md[39m=[32m"M6 21V5a2 2 0 0 1 
2-2h8a2 2 0 0 1 2 2v16"[39m
                [36m/>[39m
              [36m</svg>[39m
              [36m<input[39m
                [33mclass[39m=[32m"w-full pl-9 
sm:pl-10 pr-3 sm:pr-4 py-2 sm:py-3 text-sm border 
rounded-lg focus:outline-none focus:ring-2 
border-gray-300 focus:ring-blue-500"[39m
                [33mname[39m=[32m"schoolName"[39m
                [33mplaceholder[39m=[32m"Enter 
school name"[39m
                [33mtype[39m=[32m"text"[39m
                [33mvalue[39m=[32m"Test School"[39m
              [36m/>[39m
            [36m</div>[39m
          [36m</div>[39m
          [36m<div>[39m
            [36m<label[39m
              [33mclass[39m=[32m"block text-xs 
sm:text-sm font-medium text-gray-700 mb-1 sm:mb-2"[39m
            [36m>[39m
              [0mEmail Address[0m
              [0m [0m
              [36m<span[39m
                
[33mclass[39m=[32m"text-red-500"[39m
              [36m>[39m
                [0m*[0m
              [36m</span>[39m
            [36m</label>[39m
            [36m<div[39m
              [33mclass[39m=[32m"relative"[39m
            [36m>[39m
              [36m<svg[39m
                [33maria-hidden[39m=[32m"true"[39m
                [33mclass[39m=[32m"lucide 
lucide-mail absolute left-3 top-1/2 transform 
-translate-y-1/2 w-4 sm:w-5 h-4 sm:h-5 
text-gray-400"[39m
                [33mfill[39m=[32m"none"[39m
                [33mheight[39m=[32m"24"[39m
                
[33mstroke[39m=[32m"currentColor"[39m
                
[33mstroke-linecap[39m=[32m"round"[39m
                
[33mstroke-linejoin[39m=[32m"round"[39m
                [33mstroke-width[39m=[32m"2"[39m
                [33mviewBox[39m=[32m"0 0 24 24"[39m
                [33mwidth[39m=[32m"24"[39m
                
[33mxmlns[39m=[32m"http://www.w3.org/2000/svg"[39m
              [36m>[39m
                [36m<path[39m
                  [33md[39m=[32m"m22 7-8.991 
5.727a2 2 0 0 1-2.009 0L2 7"[39m
                [36m/>[39m
                [36m<rect[39m
                  [33mheight[39m=[32m"16"[39m
                  [33mrx[39m=[32m"2"[39m
                  [33mwidth[39m=[32m"20"[39m
                  [33mx[39m=[32m"2"[39m
                  [33my[39m=[32m"4"[39m
                [36m/>[39m
              [36m</svg>[39m
              [36m<input[39m
                [33mclass[39m=[32m"w-full pl-9 
sm:pl-10 pr-3 sm:pr-4 py-2 sm:py-3 text-sm border 
rounded-lg focus:outline-none focus:ring-2 
border-gray-300 focus:ring-blue-500"[39m
                [33mname[39m=[32m"email"[39m
                
[33mplaceholder[39m=[32m"admin@school.com"[39m
                [33mtype[39m=[32m"email"[39m
                
[33mvalue[39m=[32m"admin@school.com"[39m
              [36m/>[39m
            [36m</div>[39m
          [36m</div>[39m
          [36m<div>[39m
            [36m<label[39m
              [33mclass[39m=[32m"block text-xs 
sm:text-sm font-medium text-gray-700 mb-1 sm:mb-2"[39m
            [36m>[39m
              [0mPassword[0m
              [0m [0m
              [36m<span[39m
                
[33mclass[39m=[32m"text-red-500"[39m
              [36m>[39m
                [0m*[0m
              [36m</span>[39m
            [36m</label>[39m
            [36m<div[39m
              [33mclass[39m=[32m"relative"[39m
            [36m>[39m
              [36m<svg[39m
                [33maria-hidden[39m=[32m"true"[39m
                [33mclass[39m=[32m"lucide 
lucide-lock absolute left-3 top-1/2 transform 
-translate-y-1/2 w-4 sm:w-5 h-4 sm:h-5 
text-gray-400"[39m
                [33mfill[39m=[32m"none"[39m
                [33mheight[39m=[32m"24"[39m
                
[33mstroke[39m=[32m"currentColor"[39m
                
[33mstroke-linecap[39m=[32m"round"[39m
                
[33mstroke-linejoin[39m=[32m"round"[39m
                [33mstroke-width[39m=[32m"2"[39m
                [33mviewBox[39m=[32m"0 0 24 24"[39m
                [33mwidth[39m=[32m"24"[39m
                
[33mxmlns[39m=[32m"http://www.w3.org/2000/svg"[39m
              [36m>[39m
                [36m<rect[39m
                  [33mheight[39m=[32m"11"[39m
                  [33mrx[39m=[32m"2"[39m
                  [33mry[39m=[32m"2"[39m
                  [33mwidth[39m=[32m"18"[39m
                  [33mx[39m=[32m"3"[39m
                  [33my[39m=[32m"11"[39m
                [36m/>[39m
                [36m<path[39m
                  [33md[39m=[32m"M7 11V7a5 5 0 0 1 
10 0v4"[39m
                [36m/>[39m
              [36m</svg>[39m
              [36m<input[39m
                [33mclass[39m=[32m"w-full pl-9 
sm:pl-10 pr-3 sm:pr-4 py-2 sm:py-3 text-sm border 
rounded-lg focus:outline-none focus:ring-2 
border-gray-300 focus:ring-blue-500"[39m
                [33mname[39m=[32m"password"[39m
                [33mplaceholder[39m=[32m"Min. 8 
chars, alphanumeric"[39m
                [33mtype[39m=[32m"password"[39m
                [33mvalue[39m=[32m"password123"[39m
              [36m/>[39m
            [36m</div>[39m
          [36m</div>[39m
          [36m<div>[39m
            [36m<label[39m
              [33mclass[39m=[32m"block text-xs 
sm:text-sm font-medium text-gray-700 mb-1 sm:mb-2"[39m
            [36m>[39m
              [0mPhone Number[0m
              [0m [0m
              [36m<span[39m
                
[33mclass[39m=[32m"text-red-500"[39m
              [36m>[39m
                [0m*[0m
              [36m</span>[39m
            [36m</label>[39m
            [36m<div[39m
              [33mclass[39m=[32m"relative"[39m
            [36m>[39m
              [36m<svg[39m
                [33maria-hidden[39m=[32m"true"[39m
                [33mclass[39m=[32m"lucide 
lucide-phone absolute left-3 top-1/2 transform 
-translate-y-1/2 w-4 sm:w-5 h-4 sm:h-5 
text-gray-400"[39m
                [33mfill[39m=[32m"none"[39m
                [33mheight[39m=[32m"24"[39m
                
[33mstroke[39m=[32m"currentColor"[39m
                
[33mstroke-linecap[39m=[32m"round"[39m
                
[33mstroke-linejoin[39m=[32m"round"[39m
                [33mstroke-width[39m=[32m"2"[39m
                [33mviewBox[39m=[32m"0 0 24 24"[39m
                [33mwidth[39m=[32m"24"[39m
                
[33mxmlns[39m=[32m"http://www.w3.org/2000/svg"[39m
              [36m>[39m
                [36m<path[39m
                  [33md[39m=[32m"M13.832 16.568a1 1 
0 0 0 1.213-.303l.355-.465A2 2 0 0 1 17 15h3a2 2 0 0 1 
2 2v3a2 2 0 0 1-2 2A18 18 0 0 1 2 4a2 2 0 0 1 2-2h3a2 
2 0 0 1 2 2v3a2 2 0 0 1-.8 1.6l-.468.351a1 1 0 0 
0-.292 1.233 14 14 0 0 0 6.392 6.384"[39m
                [36m/>[39m
              [36m</svg>[39m
              [36m<input[39m
                [33mclass[39m=[32m"w-full pl-9 
sm:pl-10 pr-3 sm:pr-4 py-2 sm:py-3 text-sm border 
rounded-lg focus:outline-none focus:ring-2 
border-gray-300 focus:ring-blue-500"[39m
                [33mname[39m=[32m"phone"[39m
                [33mplaceholder[39m=[32m"Enter 
phone number"[39m
                [33mtype[39m=[32m"tel"[39m
                [33mvalue[39m=[32m"1234567890"[39m
              [36m/>[39m
            [36m</div>[39m
          [36m</div>[39m
          [36m<button[39m
            [33mclass[39m=[32m"w-full py-2 sm:py-3 
text-sm sm:text-base rounded-lg font-semibold 
text-white transition-all bg-gradient-to-r 
from-blue-600 to-purple-600 hover:from-blue-700 
hover:to-purple-700 shadow-lg hover:shadow-xl"[39m
            [33mtype[39m=[32m"submit"[39m
          [36m>[39m
            [0mCreate Admin Account[0m
          [36m</button>[39m
        [36m</form>[39m
        [36m<p[39m
          [33mclass[39m=[32m"text-center mt-4 
sm:mt-6 text-xs sm:text-sm text-gray-600"[39m
        [36m>[39m
          [0mAlready have an account?[0m
          [0m [0m
          [36m<a[39m
            [33mclass[39m=[32m"text-blue-600 
hover:underline font-medium"[39m
            [33mdata-discover[39m=[32m"true"[39m
            [33mhref[39m=[32m"/login"[39m
          [36m>[39m
            [0mLogin here[0m
          [36m</a>[39m
        [36m</p>[39m
      [36m</div>[39m
    [36m</div>[39m
  [36m</div>[39m
[36m</body>[39m

Ignored nodes: comments, script, style
[36m<html>[39m
  [36m<head />[39m
  [36m<body>[39m
    [36m<div>[39m
      [36m<div[39m
        [33mclass[39m=[32m"min-h-screen 
bg-gradient-to-br from-blue-50 to-purple-50 flex 
items-center justify-center p-3 sm:p-4 md:p-6"[39m
      [36m>[39m
        [36m<div[39m
          [33mclass[39m=[32m"w-full max-w-xs 
sm:max-w-md bg-white rounded-lg sm:rounded-2xl 
shadow-lg sm:shadow-xl p-5 sm:p-6 md:p-8"[39m
        [36m>[39m
          [36m<div[39m
            [33mclass[39m=[32m"text-center mb-6 
sm:mb-8"[39m
          [36m>[39m
            [36m<div[39m
              [33mclass[39m=[32m"w-12 sm:w-14 
md:w-16 h-12 sm:h-14 md:h-16 bg-gradient-to-br 
from-blue-500 to-purple-600 rounded-lg sm:rounded-xl 
md:rounded-2xl flex items-center justify-center 
mx-auto mb-3 sm:mb-4"[39m
            [36m>[39m
              [36m<svg[39m
                [33maria-hidden[39m=[32m"true"[39m
                [33mclass[39m=[32m"lucide 
lucide-building2 lucide-building-2 w-6 sm:w-7 md:w-8 
h-6 sm:h-7 md:h-8 text-white"[39m
                [33mfill[39m=[32m"none"[39m
                [33mheight[39m=[32m"24"[39m
                
[33mstroke[39m=[32m"currentColor"[39m
                
[33mstroke-linecap[39m=[32m"round"[39m
                
[33mstroke-linejoin[39m=[32m"round"[39m
                [33mstroke-width[39m=[32m"2"[39m
                [33mviewBox[39m=[32m"0 0 24 24"[39m
                [33mwidth[39m=[32m"24"[39m
                
[33mxmlns[39m=[32m"http://www.w3.org/2000/svg"[39m
              [36m>[39m
                [36m<path[39m
                  [33md[39m=[32m"M10 12h4"[39m
                [36m/>[39m
                [36m<path[39m
                  [33md[39m=[32m"M10 8h4"[39m
                [36m/>[39m
                [36m<path[39m
                  [33md[39m=[32m"M14 21v-3a2 2 0 0 
0-4 0v3"[39m
                [36m/>[39m
                [36m<path[39m
                  [33md[39m=[32m"M6 10H4a2 2 0 0 
0-2 2v7a2 2 0 0 0 2 2h16a2 2 0 0 0 2-2V9a2 2 0 0 
0-2-2h-2"[39m
                [36m/>[39m
                [36m<path[39m
                  [33md[39m=[32m"M6 21V5a2 2 0 0 1 
2-2h8a2 2 0 0 1 2 2v16"[39m
                [36m/>[39m
              [36m</svg>[39m
            [36m</div>[39m
            [36m<h2[39m
              [33mclass[39m=[32m"text-xl 
sm:text-2xl font-bold text-gray-900"[39m
            [36m>[39m
              [0mAdmin Registration[0m
            [36m</h2>[39m
            [36m<p[39m
              [33mclass[39m=[32m"text-gray-600 
text-xs sm:text-sm mt-1 sm:mt-2"[39m
            [36m>[39m
              [0mCreate your school's admin 
account[0m
            [36m</p>[39m
          [36m</div>[39m
          [36m<form[39m
            [33mclass[39m=[32m"space-y-3 
sm:space-y-4 md:space-y-5"[39m
          [36m>[39m
            [36m<div>[39m
              [36m<label[39m
                [33mclass[39m=[32m"block text-xs 
sm:text-sm font-medium text-gray-700 mb-1 sm:mb-2"[39m
              [36m>[39m
                [0mSchool Name[0m
                [0m [0m
                [36m<span[39m
                  
[33mclass[39m=[32m"text-red-500"[39m
                [36m>[39m
                  [0m*[0m
                [36m</span>[39m
              [36m</label>[39m
              [36m<div[39m
                [33mclass[39m=[32m"relative"[39m
              [36m>[39m
                [36m<svg[39m
                  
[33maria-hidden[39m=[32m"true"[39m
                  [33mclass[39m=[32m"lucide 
lucide-building2 lucide-building-2 absolute left-3 
top-1/2 transform -translate-y-1/2 w-4 sm:w-5 h-4 
sm:h-5 text-gray-400"[39m
                  [33mfill[39m=[32m"none"[39m
                  [33mheight[39m=[32m"24"[39m
                  
[33mstroke[39m=[32m"currentColor"[39m
                  
[33mstroke-linecap[39m=[32m"round"[39m
                  
[33mstroke-linejoin[39m=[32m"round"[39m
                  [33mstroke-width[39m=[32m"2"[39m
                  [33mviewBox[39m=[32m"0 0 24 
24"[39m
                  [33mwidth[39m=[32m"24"[39m
                  
[33mxmlns[39m=[32m"http://www.w3.org/2000/svg"[39m
                [36m>[39m
                  [36m<path[39m
                    [33md[39m=[32m"M10 12h4"[39m
                  [36m/>[39m
                  [36m<path[39m
                    [33md[39m=[32m"M10 8h4"[39m
                  [36m/>[39m
                  [36m<path[39m
                    [33md[39m=[32m"M14 21v-3a2 2 0 
0 0-4 0v3"[39m
                  [36m/>[39m
                  [36m<path[39m
                    [33md[39m=[32m"M6 10H4a2 2 0 0 
0-2 2v7a2 2 0 0 0 2 2h16a2 2 0 0 0 2-2V9a2 2 0 0 
0-2-2h-2"[39m
                  [36m/>[39m
                  [36m<path[39m
                    [33md[39m=[32m"M6 21V5a2 2 0 0 
1 2-2h8a2 2 0 0 1 2 2v16"[39m
                  [36m/>[39m
                [36m</svg>[39m
                [36m<input[39m
                  [33mclass[39m=[32m"w-full pl-9 
sm:pl-10 pr-3 sm:pr-4 py-2 sm:py-3 text-sm border 
rounded-lg focus:outline-none focus:ring-2 
border-gray-300 focus:ring-blue-500"[39m
                  [33mname[39m=[32m"schoolName"[39m
                  [33mplaceholder[39m=[32m"Enter 
school name"[39m
                  [33mtype[39m=[32m"text"[39m
                  [33mvalue[39m=[32m"Test 
School"[39m
                [36m/>[39m
              [36m</div>[39m
            [36m</div>[39m
            [36m<div>[39m
              [36m<label[39m
                [33mclass[39m=[32m"block text-xs 
sm:text-sm font-medium text-gray-700 mb-1 sm:mb-2"[39m
              [36m>[39m
                [0mEmail Address[0m
                [0m [0m
                [36m<span[39m
                  
[33mclass[39m=[32m"text-red-500"[39m
                [36m>[39m
                  [0m*[0m
                [36m</span>[39m
              [36m</label>[39m
              [36m<div[39m
                [33mclass[39m=[32m"relative"[39m
              [36m>[39m
                [36m<svg[39m
                  
[33maria-hidden[39m=[32m"true"[39m
                  [33mclass[39m=[32m"lucide 
lucide-mail absolute left-3 top-1/2 transform 
-translate-y-1/2 w-4 sm:w-5 h-4 sm:h-5 
text-gray-400"[39m
                  [33mfill[39m=[32m"none"[39m
                  [33mheight[39m=[32m"24"[39m
                  
[33mstroke[39m=[32m"currentColor"[39m
                  
[33mstroke-linecap[39m=[32m"round"[39m
                  
[33mstroke-linejoin[39m=[32m"round"[39m
                  [33mstroke-width[39m=[32m"2"[39m
                  [33mviewBox[39m=[32m"0 0 24 
24"[39m
                  [33mwidth[39m=[32m"24"[39m
                  
[33mxmlns[39m=[32m"http://www.w3.org/2000/svg"[39m
                [36m>[39m
                  [36m<path[39m
                    [33md[39m=[32m"m22 7-8.991 
5.727a2 2 0 0 1-2.009 0L2 7"[39m
                  [36m/>[39m
                  [36m<rect[39m
                    [33mheight[39m=[32m"16"[39m
                    [33mrx[39m=[32m"2"[39m
                    [33mwidth[39m=[32m"20"[39m
                    [33mx[39m=[32m"2"[39m
                    [33my[39m=[32m"4"[39m
                  [36m/>[39m
                [36m</svg>[39m
                [36m<input[39m
                  [33mclass[39m=[32m"w-full pl-9 
sm:pl-10 pr-3 sm:pr-4 py-2 sm:py-3 text-sm border 
rounded-lg focus:outline-none focus:ring-2 
border-gray-300 focus:ring-blue-500"[39m
                  [33mname[39m=[32m"email"[39m
                  
[33mplaceholder[39m=[32m"admin@school.com"[39m
                  [33mtype[39m=[32m"email"[39m
                  
[33mvalue[39m=[32m"admin@school.com"[39m
                [36m/>[39m
              [36m</div>[39m
            [36m</div>[39m
            [36m<div>[39m
              [36m<label[39m
                [33mclass[39m=[32m"block text-xs 
sm:text-sm font-medium text-gray-700 mb-1 sm:mb-2"[39m
              [36m>[39m
                [0mPassword[0m
                [0m [0m
                [36m<span[39m
                  
[33mclass[39m=[32m"text-red-500"[39m
                [36m>[39m
                  [0m*[0m
                [36m</span>[39m
              [36m</label>[39m
              [36m<div[39m
                [33mclass[39m=[32m"relative"[39m
              [36m>[39m
                [36m<svg[39m
                  
[33maria-hidden[39m=[32m"true"[39m
                  [33mclass[39m=[32m"lucide 
lucide-lock absolute left-3 top-1/2 transform 
-translate-y-1/2 w-4 sm:w-5 h-4 sm:h-5 
text-gray-400"[39m
                  [33mfill[39m=[32m"none"[39m
                  [33mheight[39m=[32m"24"[39m
                  
[33mstroke[39m=[32m"currentColor"[39m
                  
[33mstroke-linecap[39m=[32m"round"[39m
                  
[33mstroke-linejoin[39m=[32m"round"[39m
                  [33mstroke-width[39m=[32m"2"[39m
                  [33mviewBox[39m=[32m"0 0 24 
24"[39m
                  [33mwidth[39m=[32m"24"[39m
                  
[33mxmlns[39m=[32m"http://www.w3.org/2000/svg"[39m
                [36m>[39m
                  [36m<rect[39m
                    [33mheight[39m=[32m"11"[39m
                    [33mrx[39m=[32m"2"[39m
                    [33mry[39m=[32m"2"[39m
                    [33mwidth[39m=[32m"18"[39m
                    [33mx[39m=[32m"3"[39m
                    [33my[39m=[32m"11"[39m
                  [36m/>[39m
                  [36m<path[39m
                    [33md[39m=[32m"M7 11V7a5 5 0 0 
1 10 0v4"[39m
                  [36m/>[39m
                [36m</svg>[39m
                [36m<input[39m
                  [33mclass[39m=[32m"w-full pl-9 
sm:pl-10 pr-3 sm:pr-4 py-2 sm:py-3 text-sm border 
rounded-lg focus:outline-none focus:ring-2 
border-gray-300 focus:ring-blue-500"[39m
                  [33mname[39m=[32m"password"[39m
                  [33mplaceholder[39m=[32m"Min. 8 
chars, alphanumeric"[39m
                  [33mtype[39m=[32m"password"[39m
                  
[33mvalue[39m=[32m"password123"[39m
                [36m/>[39m
              [36m</div>[39m
            [36m</div>[39m
            [36m<div>[39m
              [36m<label[39m
                [33mclass[39m=[32m"block text-xs 
sm:text-sm font-medium text-gray-700 mb-1 sm:mb-2"[39m
              [36m>[39m
                [0mPhone Number[0m
                [0m [0m
                [36m<span[39m
                  
[33mclass[39m=[32m"text-red-500"[39m
                [36m>[39m
                  [0m*[0m
                [36m</span>[39m
              [36m</label>[39m
              [36m<div[39m
                [33mclass[39m=[32m"relative"[39m
              [36m>[39m
                [36m<svg[39m
                  
[33maria-hidden[39m=[32m"true"[39m
                  [33mclass[39m=[32m"lucide 
lucide-phone absolute left-3 top-1/2 transform 
-translate-y-1/2 w-4 sm:w-5 h-4 sm:h-5 
text-gray-400"[39m
                  [33mfill[39m=[32m"none"[39m
                  [33mheight[39m=[32m"24"[39m
                  
[33mstroke[39m=[32m"currentColor"[39m
                  
[33mstroke-linecap[39m=[32m"round"[39m
                  
[33mstroke-linejoin[39m=[32m"round"[39m
                  [33mstroke-width[39m=[32m"2"[39m
                  [33mviewBox[39m=[32m"0 0 24 
24"[39m
                  [33mwidth[39m=[32m"24"[39m
                  
[33mxmlns[39m=[32m"http://www.w3.org/2000/svg"[39m
                [36m>[39m
                  [36m<path[39m
                    [33md[39m=[32m"M13.832 16.568a1 
1 0 0 0 1.213-.303l.355-.465A2 2 0 0 1 17 15h3a2 2 0 0 
1 2 2v3a2 2 0 0 1-2 2A18 18 0 0 1 2 4a2 2 0 0 1 
2-2h3a2 2 0 0 1 2 2v3a2 2 0 0 1-.8 1.6l-.468.351a1 1 0 
0 0-.292 1.233 14 14 0 0 0 6.392 6.384"[39m
                  [36m/>[39m
                [36m</svg>[39m
                [36m<input[39m
                  [33mclass[39m=[32m"w-full pl-9 
sm:pl-10 pr-3 sm:pr-4 py-2 sm:py-3 text-sm border 
rounded-lg focus:outline-none focus:ring-2 
border-gray-300 focus:ring-blue-500"[39m
                  [33mname[39m=[32m"phone"[39m
                  [33mplaceholder[39m=[32m"Enter 
phone number"[39m
                  [33mtype[39m=[32m"tel"[39m
                  
[33mvalue[39m=[32m"1234567890"[39m
                [36m/>[39m
              [36m</div>[39m
            [36m</div>[39m
            [36m<button[39m
              [33mclass[39m=[32m"w-full py-2 
sm:py-3 text-sm sm:text-base rounded-lg font-semibold 
text-white transition-all bg-gradient-to-r 
from-blue-600 to-purple-600 hover:from-blue-700 
hover:to-purple-700 shadow-lg hover:shadow-xl"[39m
              [33mtype[39m=[32m"submit"[39m
            [36m>[39m
              [0mCreate Admin Account[0m
            [36m</button>[39m
          [36m</form>[39m
          [36m<p[39m
            [33mclass[39m=[32m"text-center mt-4 
sm:mt-6 text-xs sm:text-sm text-gray-600"[39m
          [36m>[39m
            [0mAlready have an account?[0m
            [0m [0m
            [36m<a[39m
              [33mclass[39m=[32m"text-blue-600 
hover:underline font-medium"[39m
              [33mdata-discover[39m=[32m"true"[39m
              [33mhref[39m=[32m"/login"[39m
            [36m>[39m
              [0mLogin here[0m
            [36m</a>[39m
          [36m</p>[39m
        [36m</div>[39m
      [36m</div>[39m
    [36m</div>[39m
  [36m</body>[39m
[36m</html>[39m
[90m [2mΓ¥»[22m Proxy.waitForWrapper node_modules/@t
esting-library/dom/dist/wait-for.js:[2m163:27[22m[39
m
[36m [2mΓ¥»[22m src/components/Signup/Signup.test.ts
x:[2m157:11[22m[39m
    [90m155| [39m    fireEvent[33m.[39m[34mclick[
39m(screen[33m.[39m[34mgetByText[39m([32m'Create 
Admin Account'[39m))[33m;[39m
    [90m156| [39m
    [90m157| [39m    [35mawait[39m 
[34mwaitFor[39m(() [33m=>[39m {
    [90m   | [39m          [31m^[39m
    [90m158| [39m      
expect(screen.getByText(/Signup failed: Email already 
exists/i))ΓÇª
    [90m159| [39m    })[33m;[39m

[31m[2mΓÄ»ΓÄ»ΓÄ»ΓÄ»ΓÄ»ΓÄ»ΓÄ»ΓÄ»ΓÄ»ΓÄ»ΓÄ»ΓÄ»ΓÄ»ΓÄ»ΓÄ»Γ
Ä»ΓÄ»ΓÄ»ΓÄ»ΓÄ»ΓÄ»ΓÄ»ΓÄ»ΓÄ»[3/9]ΓÄ»[22m[39m

[41m[1m FAIL [22m[49m 
src/pages/MarksEntry/MarksEntry.test.tsx[2m > 
[22mMarksEntrySystem[2m > [22mrenders student list 
and calculates grade when marks are entered
[31m[1mTestingLibraryElementError[22m[39m: Unable 
to find an element with the text: Alice Smith. This 
could be because the text is broken up by multiple 
elements. In this case, you can provide a function for 
your text matcher to make your matcher more flexible.

Ignored nodes: comments, script, style
[36m<body>[39m
  [36m<div>[39m
    [36m<div[39m
      [33mclass[39m=[32m"min-h-screen bg-gray-50 
p-6"[39m
    [36m>[39m
      [36m<div[39m
        [33mclass[39m=[32m"max-w-7xl mx-auto"[39m
      [36m>[39m
        [36m<div[39m
          [33mclass[39m=[32m"bg-white rounded-lg 
shadow-md p-6 mb-6"[39m
        [36m>[39m
          [36m<h1[39m
            [33mclass[39m=[32m"text-2xl font-bold 
text-gray-800 mb-6"[39m
          [36m>[39m
            [0mMarks Entry System[0m
          [36m</h1>[39m
          [36m<div[39m
            [33mclass[39m=[32m"mb-4 p-3 border 
rounded-md flex items-center gap-2 bg-blue-50 
border-blue-200 text-blue-800"[39m
          [36m>[39m
            [0m [0m
            [36m<span[39m
              [33mclass[39m=[32m"text-sm"[39m
            [36m>[39m
              [36m<span[39m
                
[33mclass[39m=[32m"font-semibold"[39m
              [36m>[39m
                [0mLogged in:[0m
              [36m</span>[39m
              [0m [0m
              [0mJohn Teacher[0m
            [36m</span>[39m
          [36m</div>[39m
          [36m<div[39m
            [33mclass[39m=[32m"grid grid-cols-1 
md:grid-cols-2 lg:grid-cols-3 gap-4 mb-6"[39m
          [36m>[39m
            [36m<div>[39m
              [36m<label[39m
                [33mclass[39m=[32m"block text-sm 
font-medium text-gray-700 mb-2"[39m
              [36m>[39m
                [0mClass[0m
                [0m [0m
                [36m<span[39m
                  
[33mclass[39m=[32m"text-red-500"[39m
                [36m>[39m
                  [0m*[0m
                [36m</span>[39m
              [36m</label>[39m
              [36m<input[39m
                [33mclass[39m=[32m"w-full px-3 py-2 
border border-gray-300 rounded-md focus:outline-none 
focus:ring-2 focus:ring-blue-500 disabled:bg-gray-100 
disabled:cursor-not-allowed"[39m
                [33mplaceholder[39m=[32m"e.g., 
10"[39m
                [33mtype[39m=[32m"text"[39m
                [33mvalue[39m=[32m"10"[39m
              [36m/>[39m
            [36m</div>[39m
            [36m<div>[39m
              [36m<label[39m
                [33mclass[39m=[32m"block text-sm 
font-medium text-gray-700 mb-2"[39m
              [36m>[39m
                [0mSection[0m
                [0m [0m
                [36m<span[39m
                  
[33mclass[39m=[32m"text-red-500"[39m
                [36m>[39m
                  [0m*[0m
                [36m</span>[39m
              [36m</label>[39m
              [36m<input[39m
                [33mclass[39m=[32m"w-full px-3 py-2 
border border-gray-300 rounded-md focus:outline-none 
focus:ring-2 focus:ring-blue-500 disabled:bg-gray-100 
disabled:cursor-not-allowed"[39m
                [33mplaceholder[39m=[32m"e.g., 
A"[39m
                [33mtype[39m=[32m"text"[39m
                [33mvalue[39m=[32m"A"[39m
              [36m/>[39m
            [36m</div>[39m
            [36m<div>[39m
              [36m<label[39m
                [33mclass[39m=[32m"block text-sm 
font-medium text-gray-700 mb-2"[39m
              [36m>[39m
                [0mSubject[0m
                [0m [0m
                [36m<span[39m
                  
[33mclass[39m=[32m"text-red-500"[39m
                [36m>[39m
                  [0m*[0m
                [36m</span>[39m
              [36m</label>[39m
              [36m<div[39m
                [33mclass[39m=[32m"flex gap-2"[39m
              [36m>[39m
                [36m<select[39m
                  [33mclass[39m=[32m"flex-1 px-3 
py-2 border border-gray-300 rounded-md 
focus:outline-none focus:ring-2 focus:ring-blue-500 
disabled:bg-gray-100 disabled:cursor-not-allowed"[39m
                [36m>[39m
                  [36m<option[39m
                    [33mvalue[39m=[32m""[39m
                  [36m>[39m
                    [0mSelect Subject[0m
                  [36m</option>[39m
                [36m</select>[39m
                [36m<button[39m
                  [33mclass[39m=[32m"px-3 py-2 
bg-green-600 text-white rounded-md hover:bg-green-700 
flex items-center gap-1"[39m
                  [33mtitle[39m=[32m"Add New 
Subject"[39m
                  [33mtype[39m=[32m"button"[39m
                [36m>[39m
                  [36m<svg[39m
                    
[33maria-hidden[39m=[32m"true"[39m
                    [33mclass[39m=[32m"lucide 
lucide-plus w-4 h-4"[39m
                    [33mfill[39m=[32m"none"[39m
                    [33mheight[39m=[32m"24"[39m
                    
[33mstroke[39m=[32m"currentColor"[39m
                    
[33mstroke-linecap[39m=[32m"round"[39m
                    
[33mstroke-linejoin[39m=[32m"round"[39m
                    
[33mstroke-width[39m=[32m"2"[39m
                    [33mviewBox[39m=[32m"0 0 24 
24"[39m
                    [33mwidth[39m=[32m"24"[39m
                    
[33mxmlns[39m=[32m"http://www.w3.org/2000/svg"[39m
                  [36m>[39m
                    [36m<path[39m
                      [33md[39m=[32m"M5 12h14"[39m
                    [36m/>[39m
                    [36m<path[39m
                      [33md[39m=[32m"M12 5v14"[39m
                    [36m/>[39m
                  [36m</svg>[39m
                [36m</button>[39m
              [36m</div>[39m
            [36m</div>[39m
            [36m<div>[39m
              [36m<label[39m
                [33mclass[39m=[32m"block text-sm 
font-medium text-gray-700 mb-2"[39m
              [36m>[39m
                [0mTest Type[0m
                [0m [0m
                [36m<span[39m
                  
[33mclass[39m=[32m"text-red-500"[39m
                [36m>[39m
                  [0m*[0m
                [36m</span>[39m
              [36m</label>[39m
              [36m<select[39m
                [33mclass[39m=[32m"w-full px-3 py-2 
border border-gray-300 rounded-md focus:outline-none 
focus:ring-2 focus:ring-blue-500 disabled:bg-gray-100 
disabled:cursor-not-allowed"[39m
              [36m>[39m
                [36m<option[39m
                  [33mvalue[39m=[32m""[39m
                [36m>[39m
                  [0mSelect [0m
                  [0mTest Type[0m
                [36m</option>[39m
                [36m<option[39m
                  [33mvalue[39m=[32m"FA1"[39m
                [36m>[39m
                  [0mFA1[0m
                [36m</option>[39m
                [36m<option[39m
                  [33mvalue[39m=[32m"FA2"[39m
                [36m>[39m
                  [0mFA2[0m
                [36m</option>[39m
                [36m<option[39m
                  [33mvalue[39m=[32m"FA3"[39m
                [36m>[39m
                  [0mFA3[0m
                [36m</option>[39m
                [36m<option[39m
                  [33mvalue[39m=[32m"FA4"[39m
                [36m>[39m
                  [0mFA4[0m
                [36m</option>[39m
                [36m<option[39m
                  [33mvalue[39m=[32m"Mid-term 
Exam"[39m
                [36m>[39m
                  [0mMid-term Exam[0m
                [36m</option>[39m
                [36m<option[39m
                  [33mvalue[39m=[32m"Final 
Exam"[39m
                [36m>[39m
                  [0mFinal Exam[0m
                [36m</option>[39m
              [36m</select>[39m
            [36m</div>[39m
            [36m<div>[39m
              [36m<label[39m
                [33mclass[39m=[32m"block text-sm 
font-medium text-gray-700 mb-2"[39m
              [36m>[39m
                [0mAcademic Year[0m
                [0m [0m
              [36m</label>[39m
              [36m<input[39m
                [33mclass[39m=[32m"w-full px-3 py-2 
border border-gray-300 rounded-md focus:outline-none 
focus:ring-2 focus:ring-blue-500 disabled:bg-gray-100 
disabled:cursor-not-allowed"[39m
                [33mplaceholder[39m=[32m"e.g., 
2024-25"[39m
                [33mtype[39m=[32m"text"[39m
                [33mvalue[39m=[32m""[39m
              [36m/>[39m
            [36m</div>[39m
            [36m<div[39m
              [33mclass[39m=[32m"flex 
items-end"[39m
            [36m>[39m
              [36m<button[39m
                [33mclass[39m=[32m"w-full flex 
items-center justify-center gap-2 px-4 py-2 rounded-md 
font-medium bg-blue-600 text-white 
hover:bg-blue-700"[39m
              [36m>[39m
                [36m<svg[39m
                  
[33maria-hidden[39m=[32m"true"[39m
                  [33mclass[39m=[32m"lucide 
lucide-search w-5 h-5"[39m
                  [33mfill[39m=[32m"none"[39m
                  [33mheight[39m=[32m"24"[39m
                  
[33mstroke[39m=[32m"currentColor"[39m
                  
[33mstroke-linecap[39m=[32m"round"[39m
                  
[33mstroke-linejoin[39m=[32m"round"[39m
                  [33mstroke-width[39m=[32m"2"[39m
                  [33mviewBox[39m=[32m"0 0 24 
24"[39m
                  [33mwidth[39m=[32m"24"[39m
                  
[33mxmlns[39m=[32m"http://www.w3.org/2000/svg"[39m
                [36m>[39m
                  [36m<path[39m
                    [33md[39m=[32m"m21 
21-4.34-4.34"[39m
                  [36m/>[39m
                  [36m<circle[39m
                    [33mcx[39m=[32m"11"[39m
                    [33mcy[39m=[32m"11"[39m
                    [33mr[39m=[32m"8"[39m
                  [36m/>[39m
                [36m</svg>[39m
                [0m [0m
                [0mFetch Students[0m
              [36m</button>[39m
            [36m</div>[39m
          [36m</div>[39m
          [36m<div[39m
            [33mclass[39m=[32m"mb-4 p-3 border 
rounded-md flex items-center gap-2 bg-red-50 
border-red-200 text-red-800"[39m
          [36m>[39m
            [0m [0m
            [36m<span[39m
              [33mclass[39m=[32m"text-sm"[39m
            [36m>[39m
              [0mPlease fill all required fields[0m
            [36m</span>[39m
          [36m</div>[39m
        [36m</div>[39m
      [36m</div>[39m
    [36m</div>[39m
  [36m</div>[39m
[36m</body>[39m

Ignored nodes: comments, script, style
[36m<body>[39m
  [36m<div>[39m
    [36m<div[39m
      [33mclass[39m=[32m"min-h-screen bg-gray-50 
p-6"[39m
    [36m>[39m
      [36m<div[39m
        [33mclass[39m=[32m"max-w-7xl mx-auto"[39m
      [36m>[39m
        [36m<div[39m
          [33mclass[39m=[32m"bg-white rounded-lg 
shadow-md p-6 mb-6"[39m
        [36m>[39m
          [36m<h1[39m
            [33mclass[39m=[32m"text-2xl font-bold 
text-gray-800 mb-6"[39m
          [36m>[39m
            [0mMarks Entry System[0m
          [36m</h1>[39m
          [36m<div[39m
            [33mclass[39m=[32m"mb-4 p-3 border 
rounded-md flex items-center gap-2 bg-blue-50 
border-blue-200 text-blue-800"[39m
          [36m>[39m
            [0m [0m
            [36m<span[39m
              [33mclass[39m=[32m"text-sm"[39m
            [36m>[39m
              [36m<span[39m
                
[33mclass[39m=[32m"font-semibold"[39m
              [36m>[39m
                [0mLogged in:[0m
              [36m</span>[39m
              [0m [0m
              [0mJohn Teacher[0m
            [36m</span>[39m
          [36m</div>[39m
          [36m<div[39m
            [33mclass[39m=[32m"grid grid-cols-1 
md:grid-cols-2 lg:grid-cols-3 gap-4 mb-6"[39m
          [36m>[39m
            [36m<div>[39m
              [36m<label[39m
                [33mclass[39m=[32m"block text-sm 
font-medium text-gray-700 mb-2"[39m
              [36m>[39m
                [0mClass[0m
                [0m [0m
                [36m<span[39m
                  
[33mclass[39m=[32m"text-red-500"[39m
                [36m>[39m
                  [0m*[0m
                [36m</span>[39m
              [36m</label>[39m
              [36m<input[39m
                [33mclass[39m=[32m"w-full px-3 py-2 
border border-gray-300 rounded-md focus:outline-none 
focus:ring-2 focus:ring-blue-500 disabled:bg-gray-100 
disabled:cursor-not-allowed"[39m
                [33mplaceholder[39m=[32m"e.g., 
10"[39m
                [33mtype[39m=[32m"text"[39m
                [33mvalue[39m=[32m"10"[39m
              [36m/>[39m
            [36m</div>[39m
            [36m<div>[39m
              [36m<label[39m
                [33mclass[39m=[32m"block text-sm 
font-medium text-gray-700 mb-2"[39m
              [36m>[39m
                [0mSection[0m
                [0m [0m
                [36m<span[39m
                  
[33mclass[39m=[32m"text-red-500"[39m
                [36m>[39m
                  [0m*[0m
                [36m</span>[39m
              [36m</label>[39m
              [36m<input[39m
                [33mclass[39m=[32m"w-full px-3 py-2 
border border-gray-300 rounded-md focus:outline-none 
focus:ring-2 focus:ring-blue-500 disabled:bg-gray-100 
disabled:cursor-not-allowed"[39m
                [33mplaceholder[39m=[32m"e.g., 
A"[39m
                [33mtype[39m=[32m"text"[39m
                [33mvalue[39m=[32m"A"[39m
              [36m/>[39m
            [36m</div>[39m
            [36m<div>[39m
              [36m<label[39m
                [33mclass[39m=[32m"block text-sm 
font-medium text-gray-700 mb-2"[39m
              [36m>[39m
                [0mSubject[0m
                [0m [0m
                [36m<span[39m
                  
[33mclass[39m=[32m"text-red-500"[39m
                [36m>[39m
                  [0m*[0m
                [36m</span>[39m
              [36m</label>[39m
              [36m<div[39m
                [33mclass[39m=[32m"flex gap-2"[39m
              [36m>[39m
                [36m<select[39m
                  [33mclass[39m=[32m"flex-1 px-3 
py-2 border border-gray-300 rounded-md 
focus:outline-none focus:ring-2 focus:ring-blue-500 
disabled:bg-gray-100 disabled:cursor-not-allowed"[39m
                [36m>[39m
                  [36m<option[39m
                    [33mvalue[39m=[32m""[39m
                  [36m>[39m
                    [0mSelect Subject[0m
                  [36m</option>[39m
                [36m</select>[39m
                [36m<button[39m
                  [33mclass[39m=[32m"px-3 py-2 
bg-green-600 text-white rounded-md hover:bg-green-700 
flex items-center gap-1"[39m
                  [33mtitle[39m=[32m"Add New 
Subject"[39m
                  [33mtype[39m=[32m"button"[39m
                [36m>[39m
                  [36m<svg[39m
                    
[33maria-hidden[39m=[32m"true"[39m
                    [33mclass[39m=[32m"lucide 
lucide-plus w-4 h-4"[39m
                    [33mfill[39m=[32m"none"[39m
                    [33mheight[39m=[32m"24"[39m
                    
[33mstroke[39m=[32m"currentColor"[39m
                    
[33mstroke-linecap[39m=[32m"round"[39m
                    
[33mstroke-linejoin[39m=[32m"round"[39m
                    
[33mstroke-width[39m=[32m"2"[39m
                    [33mviewBox[39m=[32m"0 0 24 
24"[39m
                    [33mwidth[39m=[32m"24"[39m
                    
[33mxmlns[39m=[32m"http://www.w3.org/2000/svg"[39m
                  [36m>[39m
                    [36m<path[39m
                      [33md[39m=[32m"M5 12h14"[39m
                    [36m/>[39m
                    [36m<path[39m
                      [33md[39m=[32m"M12 5v14"[39m
                    [36m/>[39m
                  [36m</svg>[39m
                [36m</button>[39m
              [36m</div>[39m
            [36m</div>[39m
            [36m<div>[39m
              [36m<label[39m
                [33mclass[39m=[32m"block text-sm 
font-medium text-gray-700 mb-2"[39m
              [36m>[39m
                [0mTest Type[0m
                [0m [0m
                [36m<span[39m
                  
[33mclass[39m=[32m"text-red-500"[39m
                [36m>[39m
                  [0m*[0m
                [36m</span>[39m
              [36m</label>[39m
              [36m<select[39m
                [33mclass[39m=[32m"w-full px-3 py-2 
border border-gray-300 rounded-md focus:outline-none 
focus:ring-2 focus:ring-blue-500 disabled:bg-gray-100 
disabled:cursor-not-allowed"[39m
              [36m>[39m
                [36m<option[39m
                  [33mvalue[39m=[32m""[39m
                [36m>[39m
                  [0mSelect [0m
                  [0mTest Type[0m
                [36m</option>[39m
                [36m<option[39m
                  [33mvalue[39m=[32m"FA1"[39m
                [36m>[39m
                  [0mFA1[0m
                [36m</option>[39m
                [36m<option[39m
                  [33mvalue[39m=[32m"FA2"[39m
                [36m>[39m
                  [0mFA2[0m
                [36m</option>[39m
                [36m<option[39m
                  [33mvalue[39m=[32m"FA3"[39m
                [36m>[39m
                  [0mFA3[0m
                [36m</option>[39m
                [36m<option[39m
                  [33mvalue[39m=[32m"FA4"[39m
                [36m>[39m
                  [0mFA4[0m
                [36m</option>[39m
                [36m<option[39m
                  [33mvalue[39m=[32m"Mid-term 
Exam"[39m
                [36m>[39m
                  [0mMid-term Exam[0m
                [36m</option>[39m
                [36m<option[39m
                  [33mvalue[39m=[32m"Final 
Exam"[39m
                [36m>[39m
                  [0mFinal Exam[0m
                [36m</option>[39m
              [36m</select>[39m
            [36m</div>[39m
            [36m<div>[39m
              [36m<label[39m
                [33mclass[39m=[32m"block text-sm 
font-medium text-gray-700 mb-2"[39m
              [36m>[39m
                [0mAcademic Year[0m
                [0m [0m
              [36m</label>[39m
              [36m<input[39m
                [33mclass[39m=[32m"w-full px-3 py-2 
border border-gray-300 rounded-md focus:outline-none 
focus:ring-2 focus:ring-blue-500 disabled:bg-gray-100 
disabled:cursor-not-allowed"[39m
                [33mplaceholder[39m=[32m"e.g., 
2024-25"[39m
                [33mtype[39m=[32m"text"[39m
                [33mvalue[39m=[32m""[39m
              [36m/>[39m
            [36m</div>[39m
            [36m<div[39m
              [33mclass[39m=[32m"flex 
items-end"[39m
            [36m>[39m
              [36m<button[39m
                [33mclass[39m=[32m"w-full flex 
items-center justify-center gap-2 px-4 py-2 rounded-md 
font-medium bg-blue-600 text-white 
hover:bg-blue-700"[39m
              [36m>[39m
                [36m<svg[39m
                  
[33maria-hidden[39m=[32m"true"[39m
                  [33mclass[39m=[32m"lucide 
lucide-search w-5 h-5"[39m
                  [33mfill[39m=[32m"none"[39m
                  [33mheight[39m=[32m"24"[39m
                  
[33mstroke[39m=[32m"currentColor"[39m
                  
[33mstroke-linecap[39m=[32m"round"[39m
                  
[33mstroke-linejoin[39m=[32m"round"[39m
                  [33mstroke-width[39m=[32m"2"[39m
                  [33mviewBox[39m=[32m"0 0 24 
24"[39m
                  [33mwidth[39m=[32m"24"[39m
                  
[33mxmlns[39m=[32m"http://www.w3.org/2000/svg"[39m
                [36m>[39m
                  [36m<path[39m
                    [33md[39m=[32m"m21 
21-4.34-4.34"[39m
                  [36m/>[39m
                  [36m<circle[39m
                    [33mcx[39m=[32m"11"[39m
                    [33mcy[39m=[32m"11"[39m
                    [33mr[39m=[32m"8"[39m
                  [36m/>[39m
                [36m</svg>[39m
                [0m [0m
                [0mFetch Students[0m
              [36m</button>[39m
            [36m</div>[39m
          [36m</div>[39m
          [36m<div[39m
            [33mclass[39m=[32m"mb-4 p-3 border 
rounded-md flex items-center gap-2 bg-red-50 
border-red-200 text-red-800"[39m
          [36m>[39m
            [0m [0m
            [36m<span[39m
              [33mclass[39m=[32m"text-sm"[39m
            [36m>[39m
              [0mPlease fill all required fields[0m
            [36m</span>[39m
          [36m</div>[39m
        [36m</div>[39m
      [36m</div>[39m
    [36m</div>[39m
  [36m</div>[39m
[36m</body>[39m
[90m [2mΓ¥»[22m waitForWrapper node_modules/@testing
-library/dom/dist/wait-for.js:[2m163:27[22m[39m
[90m [2mΓ¥»[22m node_modules/@testing-library/dom/di
st/query-helpers.js:[2m86:33[22m[39m
[36m [2mΓ¥»[22m src/pages/MarksEntry/MarksEntry.test
.tsx:[2m77:38[22m[39m
    [90m 75| [39m
    [90m 76| [39m    [90m// Wait for student Alice 
Smith to appear[39m
    [90m 77| [39m    [35mconst[39m studentName 
[33m=[39m [35mawait[39m 
screen[33m.[39m[34mfindByText[39m([32m'Alice 
Smith'[39m)[33m;[39m
    [90m   | [39m                                    
 [31m^[39m
    [90m 78| [39m    [34mexpect[39m(studentName)[3
3m.[39m[34mtoBeInTheDocument[39m()[33m;[39m
    [90m 79| [39m

[31m[2mΓÄ»ΓÄ»ΓÄ»ΓÄ»ΓÄ»ΓÄ»ΓÄ»ΓÄ»ΓÄ»ΓÄ»ΓÄ»ΓÄ»ΓÄ»ΓÄ»ΓÄ»Γ
Ä»ΓÄ»ΓÄ»ΓÄ»ΓÄ»ΓÄ»ΓÄ»ΓÄ»ΓÄ»[4/9]ΓÄ»[22m[39m

[41m[1m FAIL [22m[49m 
src/pages/MarksEntry/MarksEntry.test.tsx[2m > 
[22mMarksEntrySystem[2m > [22mvalidates required 
fields before allowing save
[31m[1mTestingLibraryElementError[22m[39m: Unable 
to find an element with the text: Alice Smith. This 
could be because the text is broken up by multiple 
elements. In this case, you can provide a function for 
your text matcher to make your matcher more flexible.

Ignored nodes: comments, script, style
[36m<body>[39m
  [36m<div>[39m
    [36m<div[39m
      [33mclass[39m=[32m"min-h-screen bg-gray-50 
p-6"[39m
    [36m>[39m
      [36m<div[39m
        [33mclass[39m=[32m"max-w-7xl mx-auto"[39m
      [36m>[39m
        [36m<div[39m
          [33mclass[39m=[32m"bg-white rounded-lg 
shadow-md p-6 mb-6"[39m
        [36m>[39m
          [36m<h1[39m
            [33mclass[39m=[32m"text-2xl font-bold 
text-gray-800 mb-6"[39m
          [36m>[39m
            [0mMarks Entry System[0m
          [36m</h1>[39m
          [36m<div[39m
            [33mclass[39m=[32m"mb-4 p-3 border 
rounded-md flex items-center gap-2 bg-blue-50 
border-blue-200 text-blue-800"[39m
          [36m>[39m
            [0m [0m
            [36m<span[39m
              [33mclass[39m=[32m"text-sm"[39m
            [36m>[39m
              [36m<span[39m
                
[33mclass[39m=[32m"font-semibold"[39m
              [36m>[39m
                [0mLogged in:[0m
              [36m</span>[39m
              [0m [0m
              [0mJohn Teacher[0m
            [36m</span>[39m
          [36m</div>[39m
          [36m<div[39m
            [33mclass[39m=[32m"grid grid-cols-1 
md:grid-cols-2 lg:grid-cols-3 gap-4 mb-6"[39m
          [36m>[39m
            [36m<div>[39m
              [36m<label[39m
                [33mclass[39m=[32m"block text-sm 
font-medium text-gray-700 mb-2"[39m
              [36m>[39m
                [0mClass[0m
                [0m [0m
                [36m<span[39m
                  
[33mclass[39m=[32m"text-red-500"[39m
                [36m>[39m
                  [0m*[0m
                [36m</span>[39m
              [36m</label>[39m
              [36m<input[39m
                [33mclass[39m=[32m"w-full px-3 py-2 
border border-gray-300 rounded-md focus:outline-none 
focus:ring-2 focus:ring-blue-500 disabled:bg-gray-100 
disabled:cursor-not-allowed"[39m
                [33mplaceholder[39m=[32m"e.g., 
10"[39m
                [33mtype[39m=[32m"text"[39m
                [33mvalue[39m=[32m"10"[39m
              [36m/>[39m
            [36m</div>[39m
            [36m<div>[39m
              [36m<label[39m
                [33mclass[39m=[32m"block text-sm 
font-medium text-gray-700 mb-2"[39m
              [36m>[39m
                [0mSection[0m
                [0m [0m
                [36m<span[39m
                  
[33mclass[39m=[32m"text-red-500"[39m
                [36m>[39m
                  [0m*[0m
                [36m</span>[39m
              [36m</label>[39m
              [36m<input[39m
                [33mclass[39m=[32m"w-full px-3 py-2 
border border-gray-300 rounded-md focus:outline-none 
focus:ring-2 focus:ring-blue-500 disabled:bg-gray-100 
disabled:cursor-not-allowed"[39m
                [33mplaceholder[39m=[32m"e.g., 
A"[39m
                [33mtype[39m=[32m"text"[39m
                [33mvalue[39m=[32m"A"[39m
              [36m/>[39m
            [36m</div>[39m
            [36m<div>[39m
              [36m<label[39m
                [33mclass[39m=[32m"block text-sm 
font-medium text-gray-700 mb-2"[39m
              [36m>[39m
                [0mSubject[0m
                [0m [0m
                [36m<span[39m
                  
[33mclass[39m=[32m"text-red-500"[39m
                [36m>[39m
                  [0m*[0m
                [36m</span>[39m
              [36m</label>[39m
              [36m<div[39m
                [33mclass[39m=[32m"flex gap-2"[39m
              [36m>[39m
                [36m<select[39m
                  [33mclass[39m=[32m"flex-1 px-3 
py-2 border border-gray-300 rounded-md 
focus:outline-none focus:ring-2 focus:ring-blue-500 
disabled:bg-gray-100 disabled:cursor-not-allowed"[39m
                [36m>[39m
                  [36m<option[39m
                    [33mvalue[39m=[32m""[39m
                  [36m>[39m
                    [0mSelect Subject[0m
                  [36m</option>[39m
                [36m</select>[39m
                [36m<button[39m
                  [33mclass[39m=[32m"px-3 py-2 
bg-green-600 text-white rounded-md hover:bg-green-700 
flex items-center gap-1"[39m
                  [33mtitle[39m=[32m"Add New 
Subject"[39m
                  [33mtype[39m=[32m"button"[39m
                [36m>[39m
                  [36m<svg[39m
                    
[33maria-hidden[39m=[32m"true"[39m
                    [33mclass[39m=[32m"lucide 
lucide-plus w-4 h-4"[39m
                    [33mfill[39m=[32m"none"[39m
                    [33mheight[39m=[32m"24"[39m
                    
[33mstroke[39m=[32m"currentColor"[39m
                    
[33mstroke-linecap[39m=[32m"round"[39m
                    
[33mstroke-linejoin[39m=[32m"round"[39m
                    
[33mstroke-width[39m=[32m"2"[39m
                    [33mviewBox[39m=[32m"0 0 24 
24"[39m
                    [33mwidth[39m=[32m"24"[39m
                    
[33mxmlns[39m=[32m"http://www.w3.org/2000/svg"[39m
                  [36m>[39m
                    [36m<path[39m
                      [33md[39m=[32m"M5 12h14"[39m
                    [36m/>[39m
                    [36m<path[39m
                      [33md[39m=[32m"M12 5v14"[39m
                    [36m/>[39m
                  [36m</svg>[39m
                [36m</button>[39m
              [36m</div>[39m
            [36m</div>[39m
            [36m<div>[39m
              [36m<label[39m
                [33mclass[39m=[32m"block text-sm 
font-medium text-gray-700 mb-2"[39m
              [36m>[39m
                [0mTest Type[0m
                [0m [0m
                [36m<span[39m
                  
[33mclass[39m=[32m"text-red-500"[39m
                [36m>[39m
                  [0m*[0m
                [36m</span>[39m
              [36m</label>[39m
              [36m<select[39m
                [33mclass[39m=[32m"w-full px-3 py-2 
border border-gray-300 rounded-md focus:outline-none 
focus:ring-2 focus:ring-blue-500 disabled:bg-gray-100 
disabled:cursor-not-allowed"[39m
              [36m>[39m
                [36m<option[39m
                  [33mvalue[39m=[32m""[39m
                [36m>[39m
                  [0mSelect [0m
                  [0mTest Type[0m
                [36m</option>[39m
                [36m<option[39m
                  [33mvalue[39m=[32m"FA1"[39m
                [36m>[39m
                  [0mFA1[0m
                [36m</option>[39m
                [36m<option[39m
                  [33mvalue[39m=[32m"FA2"[39m
                [36m>[39m
                  [0mFA2[0m
                [36m</option>[39m
                [36m<option[39m
                  [33mvalue[39m=[32m"FA3"[39m
                [36m>[39m
                  [0mFA3[0m
                [36m</option>[39m
                [36m<option[39m
                  [33mvalue[39m=[32m"FA4"[39m
                [36m>[39m
                  [0mFA4[0m
                [36m</option>[39m
                [36m<option[39m
                  [33mvalue[39m=[32m"Mid-term 
Exam"[39m
                [36m>[39m
                  [0mMid-term Exam[0m
                [36m</option>[39m
                [36m<option[39m
                  [33mvalue[39m=[32m"Final 
Exam"[39m
                [36m>[39m
                  [0mFinal Exam[0m
                [36m</option>[39m
              [36m</select>[39m
            [36m</div>[39m
            [36m<div>[39m
              [36m<label[39m
                [33mclass[39m=[32m"block text-sm 
font-medium text-gray-700 mb-2"[39m
              [36m>[39m
                [0mAcademic Year[0m
                [0m [0m
              [36m</label>[39m
              [36m<input[39m
                [33mclass[39m=[32m"w-full px-3 py-2 
border border-gray-300 rounded-md focus:outline-none 
focus:ring-2 focus:ring-blue-500 disabled:bg-gray-100 
disabled:cursor-not-allowed"[39m
                [33mplaceholder[39m=[32m"e.g., 
2024-25"[39m
                [33mtype[39m=[32m"text"[39m
                [33mvalue[39m=[32m""[39m
              [36m/>[39m
            [36m</div>[39m
            [36m<div[39m
              [33mclass[39m=[32m"flex 
items-end"[39m
            [36m>[39m
              [36m<button[39m
                [33mclass[39m=[32m"w-full flex 
items-center justify-center gap-2 px-4 py-2 rounded-md 
font-medium bg-blue-600 text-white 
hover:bg-blue-700"[39m
              [36m>[39m
                [36m<svg[39m
                  
[33maria-hidden[39m=[32m"true"[39m
                  [33mclass[39m=[32m"lucide 
lucide-search w-5 h-5"[39m
                  [33mfill[39m=[32m"none"[39m
                  [33mheight[39m=[32m"24"[39m
                  
[33mstroke[39m=[32m"currentColor"[39m
                  
[33mstroke-linecap[39m=[32m"round"[39m
                  
[33mstroke-linejoin[39m=[32m"round"[39m
                  [33mstroke-width[39m=[32m"2"[39m
                  [33mviewBox[39m=[32m"0 0 24 
24"[39m
                  [33mwidth[39m=[32m"24"[39m
                  
[33mxmlns[39m=[32m"http://www.w3.org/2000/svg"[39m
                [36m>[39m
                  [36m<path[39m
                    [33md[39m=[32m"m21 
21-4.34-4.34"[39m
                  [36m/>[39m
                  [36m<circle[39m
                    [33mcx[39m=[32m"11"[39m
                    [33mcy[39m=[32m"11"[39m
                    [33mr[39m=[32m"8"[39m
                  [36m/>[39m
                [36m</svg>[39m
                [0m [0m
                [0mFetch Students[0m
              [36m</button>[39m
            [36m</div>[39m
          [36m</div>[39m
          [36m<div[39m
            [33mclass[39m=[32m"mb-4 p-3 border 
rounded-md flex items-center gap-2 bg-red-50 
border-red-200 text-red-800"[39m
          [36m>[39m
            [0m [0m
            [36m<span[39m
              [33mclass[39m=[32m"text-sm"[39m
            [36m>[39m
              [0mPlease fill all required fields[0m
            [36m</span>[39m
          [36m</div>[39m
        [36m</div>[39m
      [36m</div>[39m
    [36m</div>[39m
  [36m</div>[39m
[36m</body>[39m

Ignored nodes: comments, script, style
[36m<body>[39m
  [36m<div>[39m
    [36m<div[39m
      [33mclass[39m=[32m"min-h-screen bg-gray-50 
p-6"[39m
    [36m>[39m
      [36m<div[39m
        [33mclass[39m=[32m"max-w-7xl mx-auto"[39m
      [36m>[39m
        [36m<div[39m
          [33mclass[39m=[32m"bg-white rounded-lg 
shadow-md p-6 mb-6"[39m
        [36m>[39m
          [36m<h1[39m
            [33mclass[39m=[32m"text-2xl font-bold 
text-gray-800 mb-6"[39m
          [36m>[39m
            [0mMarks Entry System[0m
          [36m</h1>[39m
          [36m<div[39m
            [33mclass[39m=[32m"mb-4 p-3 border 
rounded-md flex items-center gap-2 bg-blue-50 
border-blue-200 text-blue-800"[39m
          [36m>[39m
            [0m [0m
            [36m<span[39m
              [33mclass[39m=[32m"text-sm"[39m
            [36m>[39m
              [36m<span[39m
                
[33mclass[39m=[32m"font-semibold"[39m
              [36m>[39m
                [0mLogged in:[0m
              [36m</span>[39m
              [0m [0m
              [0mJohn Teacher[0m
            [36m</span>[39m
          [36m</div>[39m
          [36m<div[39m
            [33mclass[39m=[32m"grid grid-cols-1 
md:grid-cols-2 lg:grid-cols-3 gap-4 mb-6"[39m
          [36m>[39m
            [36m<div>[39m
              [36m<label[39m
                [33mclass[39m=[32m"block text-sm 
font-medium text-gray-700 mb-2"[39m
              [36m>[39m
                [0mClass[0m
                [0m [0m
                [36m<span[39m
                  
[33mclass[39m=[32m"text-red-500"[39m
                [36m>[39m
                  [0m*[0m
                [36m</span>[39m
              [36m</label>[39m
              [36m<input[39m
                [33mclass[39m=[32m"w-full px-3 py-2 
border border-gray-300 rounded-md focus:outline-none 
focus:ring-2 focus:ring-blue-500 disabled:bg-gray-100 
disabled:cursor-not-allowed"[39m
                [33mplaceholder[39m=[32m"e.g., 
10"[39m
                [33mtype[39m=[32m"text"[39m
                [33mvalue[39m=[32m"10"[39m
              [36m/>[39m
            [36m</div>[39m
            [36m<div>[39m
              [36m<label[39m
                [33mclass[39m=[32m"block text-sm 
font-medium text-gray-700 mb-2"[39m
              [36m>[39m
                [0mSection[0m
                [0m [0m
                [36m<span[39m
                  
[33mclass[39m=[32m"text-red-500"[39m
                [36m>[39m
                  [0m*[0m
                [36m</span>[39m
              [36m</label>[39m
              [36m<input[39m
                [33mclass[39m=[32m"w-full px-3 py-2 
border border-gray-300 rounded-md focus:outline-none 
focus:ring-2 focus:ring-blue-500 disabled:bg-gray-100 
disabled:cursor-not-allowed"[39m
                [33mplaceholder[39m=[32m"e.g., 
A"[39m
                [33mtype[39m=[32m"text"[39m
                [33mvalue[39m=[32m"A"[39m
              [36m/>[39m
            [36m</div>[39m
            [36m<div>[39m
              [36m<label[39m
                [33mclass[39m=[32m"block text-sm 
font-medium text-gray-700 mb-2"[39m
              [36m>[39m
                [0mSubject[0m
                [0m [0m
                [36m<span[39m
                  
[33mclass[39m=[32m"text-red-500"[39m
                [36m>[39m
                  [0m*[0m
                [36m</span>[39m
              [36m</label>[39m
              [36m<div[39m
                [33mclass[39m=[32m"flex gap-2"[39m
              [36m>[39m
                [36m<select[39m
                  [33mclass[39m=[32m"flex-1 px-3 
py-2 border border-gray-300 rounded-md 
focus:outline-none focus:ring-2 focus:ring-blue-500 
disabled:bg-gray-100 disabled:cursor-not-allowed"[39m
                [36m>[39m
                  [36m<option[39m
                    [33mvalue[39m=[32m""[39m
                  [36m>[39m
                    [0mSelect Subject[0m
                  [36m</option>[39m
                [36m</select>[39m
                [36m<button[39m
                  [33mclass[39m=[32m"px-3 py-2 
bg-green-600 text-white rounded-md hover:bg-green-700 
flex items-center gap-1"[39m
                  [33mtitle[39m=[32m"Add New 
Subject"[39m
                  [33mtype[39m=[32m"button"[39m
                [36m>[39m
                  [36m<svg[39m
                    
[33maria-hidden[39m=[32m"true"[39m
                    [33mclass[39m=[32m"lucide 
lucide-plus w-4 h-4"[39m
                    [33mfill[39m=[32m"none"[39m
                    [33mheight[39m=[32m"24"[39m
                    
[33mstroke[39m=[32m"currentColor"[39m
                    
[33mstroke-linecap[39m=[32m"round"[39m
                    
[33mstroke-linejoin[39m=[32m"round"[39m
                    
[33mstroke-width[39m=[32m"2"[39m
                    [33mviewBox[39m=[32m"0 0 24 
24"[39m
                    [33mwidth[39m=[32m"24"[39m
                    
[33mxmlns[39m=[32m"http://www.w3.org/2000/svg"[39m
                  [36m>[39m
                    [36m<path[39m
                      [33md[39m=[32m"M5 12h14"[39m
                    [36m/>[39m
                    [36m<path[39m
                      [33md[39m=[32m"M12 5v14"[39m
                    [36m/>[39m
                  [36m</svg>[39m
                [36m</button>[39m
              [36m</div>[39m
            [36m</div>[39m
            [36m<div>[39m
              [36m<label[39m
                [33mclass[39m=[32m"block text-sm 
font-medium text-gray-700 mb-2"[39m
              [36m>[39m
                [0mTest Type[0m
                [0m [0m
                [36m<span[39m
                  
[33mclass[39m=[32m"text-red-500"[39m
                [36m>[39m
                  [0m*[0m
                [36m</span>[39m
              [36m</label>[39m
              [36m<select[39m
                [33mclass[39m=[32m"w-full px-3 py-2 
border border-gray-300 rounded-md focus:outline-none 
focus:ring-2 focus:ring-blue-500 disabled:bg-gray-100 
disabled:cursor-not-allowed"[39m
              [36m>[39m
                [36m<option[39m
                  [33mvalue[39m=[32m""[39m
                [36m>[39m
                  [0mSelect [0m
                  [0mTest Type[0m
                [36m</option>[39m
                [36m<option[39m
                  [33mvalue[39m=[32m"FA1"[39m
                [36m>[39m
                  [0mFA1[0m
                [36m</option>[39m
                [36m<option[39m
                  [33mvalue[39m=[32m"FA2"[39m
                [36m>[39m
                  [0mFA2[0m
                [36m</option>[39m
                [36m<option[39m
                  [33mvalue[39m=[32m"FA3"[39m
                [36m>[39m
                  [0mFA3[0m
                [36m</option>[39m
                [36m<option[39m
                  [33mvalue[39m=[32m"FA4"[39m
                [36m>[39m
                  [0mFA4[0m
                [36m</option>[39m
                [36m<option[39m
                  [33mvalue[39m=[32m"Mid-term 
Exam"[39m
                [36m>[39m
                  [0mMid-term Exam[0m
                [36m</option>[39m
                [36m<option[39m
                  [33mvalue[39m=[32m"Final 
Exam"[39m
                [36m>[39m
                  [0mFinal Exam[0m
                [36m</option>[39m
              [36m</select>[39m
            [36m</div>[39m
            [36m<div>[39m
              [36m<label[39m
                [33mclass[39m=[32m"block text-sm 
font-medium text-gray-700 mb-2"[39m
              [36m>[39m
                [0mAcademic Year[0m
                [0m [0m
              [36m</label>[39m
              [36m<input[39m
                [33mclass[39m=[32m"w-full px-3 py-2 
border border-gray-300 rounded-md focus:outline-none 
focus:ring-2 focus:ring-blue-500 disabled:bg-gray-100 
disabled:cursor-not-allowed"[39m
                [33mplaceholder[39m=[32m"e.g., 
2024-25"[39m
                [33mtype[39m=[32m"text"[39m
                [33mvalue[39m=[32m""[39m
              [36m/>[39m
            [36m</div>[39m
            [36m<div[39m
              [33mclass[39m=[32m"flex 
items-end"[39m
            [36m>[39m
              [36m<button[39m
                [33mclass[39m=[32m"w-full flex 
items-center justify-center gap-2 px-4 py-2 rounded-md 
font-medium bg-blue-600 text-white 
hover:bg-blue-700"[39m
              [36m>[39m
                [36m<svg[39m
                  
[33maria-hidden[39m=[32m"true"[39m
                  [33mclass[39m=[32m"lucide 
lucide-search w-5 h-5"[39m
                  [33mfill[39m=[32m"none"[39m
                  [33mheight[39m=[32m"24"[39m
                  
[33mstroke[39m=[32m"currentColor"[39m
                  
[33mstroke-linecap[39m=[32m"round"[39m
                  
[33mstroke-linejoin[39m=[32m"round"[39m
                  [33mstroke-width[39m=[32m"2"[39m
                  [33mviewBox[39m=[32m"0 0 24 
24"[39m
                  [33mwidth[39m=[32m"24"[39m
                  
[33mxmlns[39m=[32m"http://www.w3.org/2000/svg"[39m
                [36m>[39m
                  [36m<path[39m
                    [33md[39m=[32m"m21 
21-4.34-4.34"[39m
                  [36m/>[39m
                  [36m<circle[39m
                    [33mcx[39m=[32m"11"[39m
                    [33mcy[39m=[32m"11"[39m
                    [33mr[39m=[32m"8"[39m
                  [36m/>[39m
                [36m</svg>[39m
                [0m [0m
                [0mFetch Students[0m
              [36m</button>[39m
            [36m</div>[39m
          [36m</div>[39m
          [36m<div[39m
            [33mclass[39m=[32m"mb-4 p-3 border 
rounded-md flex items-center gap-2 bg-red-50 
border-red-200 text-red-800"[39m
          [36m>[39m
            [0m [0m
            [36m<span[39m
              [33mclass[39m=[32m"text-sm"[39m
            [36m>[39m
              [0mPlease fill all required fields[0m
            [36m</span>[39m
          [36m</div>[39m
        [36m</div>[39m
      [36m</div>[39m
    [36m</div>[39m
  [36m</div>[39m
[36m</body>[39m
[90m [2mΓ¥»[22m waitForWrapper node_modules/@testing
-library/dom/dist/wait-for.js:[2m163:27[22m[39m
[90m [2mΓ¥»[22m node_modules/@testing-library/dom/di
st/query-helpers.js:[2m86:33[22m[39m
[36m [2mΓ¥»[22m src/pages/MarksEntry/MarksEntry.test
.tsx:[2m103:16[22m[39m
    [90m101| [39m  
    [90m102| [39m  [90m// Wait for the table to 
render Alice[39m
    [90m103| [39m  [35mawait[39m 
screen[33m.[39m[34mfindByText[39m([32m'Alice 
Smith'[39m)[33m;[39m
    [90m   | [39m               [31m^[39m
    [90m104| [39m
    [90m105| [39m  [90m// 2. Enter Marks (Satisfies 
marksData.some check in canSave)[39m

[31m[2mΓÄ»ΓÄ»ΓÄ»ΓÄ»ΓÄ»ΓÄ»ΓÄ»ΓÄ»ΓÄ»ΓÄ»ΓÄ»ΓÄ»ΓÄ»ΓÄ»ΓÄ»Γ
Ä»ΓÄ»ΓÄ»ΓÄ»ΓÄ»ΓÄ»ΓÄ»ΓÄ»ΓÄ»[5/9]ΓÄ»[22m[39m

[41m[1m FAIL [22m[49m 
src/pages/MarksEntry/MarksEntry.test.tsx[2m > 
[22mMarksEntrySystem[2m > [22mvalidates required 
fields before allowing save
[31m[1mTestingLibraryElementError[22m[39m: Unable 
to find an element with the text: Alice Smith. This 
could be because the text is broken up by multiple 
elements. In this case, you can provide a function for 
your text matcher to make your matcher more flexible.

Ignored nodes: comments, script, style
[36m<body>[39m
  [36m<div>[39m
    [36m<div[39m
      [33mclass[39m=[32m"min-h-screen bg-gray-50 
p-6"[39m
    [36m>[39m
      [36m<div[39m
        [33mclass[39m=[32m"max-w-7xl mx-auto"[39m
      [36m>[39m
        [36m<div[39m
          [33mclass[39m=[32m"bg-white rounded-lg 
shadow-md p-6 mb-6"[39m
        [36m>[39m
          [36m<h1[39m
            [33mclass[39m=[32m"text-2xl font-bold 
text-gray-800 mb-6"[39m
          [36m>[39m
            [0mMarks Entry System[0m
          [36m</h1>[39m
          [36m<div[39m
            [33mclass[39m=[32m"mb-4 p-3 border 
rounded-md flex items-center gap-2 bg-blue-50 
border-blue-200 text-blue-800"[39m
          [36m>[39m
            [0m [0m
            [36m<span[39m
              [33mclass[39m=[32m"text-sm"[39m
            [36m>[39m
              [36m<span[39m
                
[33mclass[39m=[32m"font-semibold"[39m
              [36m>[39m
                [0mLogged in:[0m
              [36m</span>[39m
              [0m [0m
              [0mJohn Teacher[0m
            [36m</span>[39m
          [36m</div>[39m
          [36m<div[39m
            [33mclass[39m=[32m"grid grid-cols-1 
md:grid-cols-2 lg:grid-cols-3 gap-4 mb-6"[39m
          [36m>[39m
            [36m<div>[39m
              [36m<label[39m
                [33mclass[39m=[32m"block text-sm 
font-medium text-gray-700 mb-2"[39m
              [36m>[39m
                [0mClass[0m
                [0m [0m
                [36m<span[39m
                  
[33mclass[39m=[32m"text-red-500"[39m
                [36m>[39m
                  [0m*[0m
                [36m</span>[39m
              [36m</label>[39m
              [36m<input[39m
                [33mclass[39m=[32m"w-full px-3 py-2 
border border-gray-300 rounded-md focus:outline-none 
focus:ring-2 focus:ring-blue-500 disabled:bg-gray-100 
disabled:cursor-not-allowed"[39m
                [33mplaceholder[39m=[32m"e.g., 
10"[39m
                [33mtype[39m=[32m"text"[39m
                [33mvalue[39m=[32m"10"[39m
              [36m/>[39m
            [36m</div>[39m
            [36m<div>[39m
              [36m<label[39m
                [33mclass[39m=[32m"block text-sm 
font-medium text-gray-700 mb-2"[39m
              [36m>[39m
                [0mSection[0m
                [0m [0m
                [36m<span[39m
                  
[33mclass[39m=[32m"text-red-500"[39m
                [36m>[39m
                  [0m*[0m
                [36m</span>[39m
              [36m</label>[39m
              [36m<input[39m
                [33mclass[39m=[32m"w-full px-3 py-2 
border border-gray-300 rounded-md focus:outline-none 
focus:ring-2 focus:ring-blue-500 disabled:bg-gray-100 
disabled:cursor-not-allowed"[39m
                [33mplaceholder[39m=[32m"e.g., 
A"[39m
                [33mtype[39m=[32m"text"[39m
                [33mvalue[39m=[32m"A"[39m
              [36m/>[39m
            [36m</div>[39m
            [36m<div>[39m
              [36m<label[39m
                [33mclass[39m=[32m"block text-sm 
font-medium text-gray-700 mb-2"[39m
              [36m>[39m
                [0mSubject[0m
                [0m [0m
                [36m<span[39m
                  
[33mclass[39m=[32m"text-red-500"[39m
                [36m>[39m
                  [0m*[0m
                [36m</span>[39m
              [36m</label>[39m
              [36m<div[39m
                [33mclass[39m=[32m"flex gap-2"[39m
              [36m>[39m
                [36m<select[39m
                  [33mclass[39m=[32m"flex-1 px-3 
py-2 border border-gray-300 rounded-md 
focus:outline-none focus:ring-2 focus:ring-blue-500 
disabled:bg-gray-100 disabled:cursor-not-allowed"[39m
                [36m>[39m
                  [36m<option[39m
                    [33mvalue[39m=[32m""[39m
                  [36m>[39m
                    [0mSelect Subject[0m
                  [36m</option>[39m
                [36m</select>[39m
                [36m<button[39m
                  [33mclass[39m=[32m"px-3 py-2 
bg-green-600 text-white rounded-md hover:bg-green-700 
flex items-center gap-1"[39m
                  [33mtitle[39m=[32m"Add New 
Subject"[39m
                  [33mtype[39m=[32m"button"[39m
                [36m>[39m
                  [36m<svg[39m
                    
[33maria-hidden[39m=[32m"true"[39m
                    [33mclass[39m=[32m"lucide 
lucide-plus w-4 h-4"[39m
                    [33mfill[39m=[32m"none"[39m
                    [33mheight[39m=[32m"24"[39m
                    
[33mstroke[39m=[32m"currentColor"[39m
                    
[33mstroke-linecap[39m=[32m"round"[39m
                    
[33mstroke-linejoin[39m=[32m"round"[39m
                    
[33mstroke-width[39m=[32m"2"[39m
                    [33mviewBox[39m=[32m"0 0 24 
24"[39m
                    [33mwidth[39m=[32m"24"[39m
                    
[33mxmlns[39m=[32m"http://www.w3.org/2000/svg"[39m
                  [36m>[39m
                    [36m<path[39m
                      [33md[39m=[32m"M5 12h14"[39m
                    [36m/>[39m
                    [36m<path[39m
                      [33md[39m=[32m"M12 5v14"[39m
                    [36m/>[39m
                  [36m</svg>[39m
                [36m</button>[39m
              [36m</div>[39m
            [36m</div>[39m
            [36m<div>[39m
              [36m<label[39m
                [33mclass[39m=[32m"block text-sm 
font-medium text-gray-700 mb-2"[39m
              [36m>[39m
                [0mTest Type[0m
                [0m [0m
                [36m<span[39m
                  
[33mclass[39m=[32m"text-red-500"[39m
                [36m>[39m
                  [0m*[0m
                [36m</span>[39m
              [36m</label>[39m
              [36m<select[39m
                [33mclass[39m=[32m"w-full px-3 py-2 
border border-gray-300 rounded-md focus:outline-none 
focus:ring-2 focus:ring-blue-500 disabled:bg-gray-100 
disabled:cursor-not-allowed"[39m
              [36m>[39m
                [36m<option[39m
                  [33mvalue[39m=[32m""[39m
                [36m>[39m
                  [0mSelect [0m
                  [0mTest Type[0m
                [36m</option>[39m
                [36m<option[39m
                  [33mvalue[39m=[32m"FA1"[39m
                [36m>[39m
                  [0mFA1[0m
                [36m</option>[39m
                [36m<option[39m
                  [33mvalue[39m=[32m"FA2"[39m
                [36m>[39m
                  [0mFA2[0m
                [36m</option>[39m
                [36m<option[39m
                  [33mvalue[39m=[32m"FA3"[39m
                [36m>[39m
                  [0mFA3[0m
                [36m</option>[39m
                [36m<option[39m
                  [33mvalue[39m=[32m"FA4"[39m
                [36m>[39m
                  [0mFA4[0m
                [36m</option>[39m
                [36m<option[39m
                  [33mvalue[39m=[32m"Mid-term 
Exam"[39m
                [36m>[39m
                  [0mMid-term Exam[0m
                [36m</option>[39m
                [36m<option[39m
                  [33mvalue[39m=[32m"Final 
Exam"[39m
                [36m>[39m
                  [0mFinal Exam[0m
                [36m</option>[39m
              [36m</select>[39m
            [36m</div>[39m
            [36m<div>[39m
              [36m<label[39m
                [33mclass[39m=[32m"block text-sm 
font-medium text-gray-700 mb-2"[39m
              [36m>[39m
                [0mAcademic Year[0m
                [0m [0m
              [36m</label>[39m
              [36m<input[39m
                [33mclass[39m=[32m"w-full px-3 py-2 
border border-gray-300 rounded-md focus:outline-none 
focus:ring-2 focus:ring-blue-500 disabled:bg-gray-100 
disabled:cursor-not-allowed"[39m
                [33mplaceholder[39m=[32m"e.g., 
2024-25"[39m
                [33mtype[39m=[32m"text"[39m
                [33mvalue[39m=[32m""[39m
              [36m/>[39m
            [36m</div>[39m
            [36m<div[39m
              [33mclass[39m=[32m"flex 
items-end"[39m
            [36m>[39m
              [36m<button[39m
                [33mclass[39m=[32m"w-full flex 
items-center justify-center gap-2 px-4 py-2 rounded-md 
font-medium bg-blue-600 text-white 
hover:bg-blue-700"[39m
              [36m>[39m
                [36m<svg[39m
                  
[33maria-hidden[39m=[32m"true"[39m
                  [33mclass[39m=[32m"lucide 
lucide-search w-5 h-5"[39m
                  [33mfill[39m=[32m"none"[39m
                  [33mheight[39m=[32m"24"[39m
                  
[33mstroke[39m=[32m"currentColor"[39m
                  
[33mstroke-linecap[39m=[32m"round"[39m
                  
[33mstroke-linejoin[39m=[32m"round"[39m
                  [33mstroke-width[39m=[32m"2"[39m
                  [33mviewBox[39m=[32m"0 0 24 
24"[39m
                  [33mwidth[39m=[32m"24"[39m
                  
[33mxmlns[39m=[32m"http://www.w3.org/2000/svg"[39m
                [36m>[39m
                  [36m<path[39m
                    [33md[39m=[32m"m21 
21-4.34-4.34"[39m
                  [36m/>[39m
                  [36m<circle[39m
                    [33mcx[39m=[32m"11"[39m
                    [33mcy[39m=[32m"11"[39m
                    [33mr[39m=[32m"8"[39m
                  [36m/>[39m
                [36m</svg>[39m
                [0m [0m
                [0mFetch Students[0m
              [36m</button>[39m
            [36m</div>[39m
          [36m</div>[39m
          [36m<div[39m
            [33mclass[39m=[32m"mb-4 p-3 border 
rounded-md flex items-center gap-2 bg-red-50 
border-red-200 text-red-800"[39m
          [36m>[39m
            [0m [0m
            [36m<span[39m
              [33mclass[39m=[32m"text-sm"[39m
            [36m>[39m
              [0mPlease fill all required fields[0m
            [36m</span>[39m
          [36m</div>[39m
        [36m</div>[39m
      [36m</div>[39m
    [36m</div>[39m
  [36m</div>[39m
[36m</body>[39m

Ignored nodes: comments, script, style
[36m<body>[39m
  [36m<div>[39m
    [36m<div[39m
      [33mclass[39m=[32m"min-h-screen bg-gray-50 
p-6"[39m
    [36m>[39m
      [36m<div[39m
        [33mclass[39m=[32m"max-w-7xl mx-auto"[39m
      [36m>[39m
        [36m<div[39m
          [33mclass[39m=[32m"bg-white rounded-lg 
shadow-md p-6 mb-6"[39m
        [36m>[39m
          [36m<h1[39m
            [33mclass[39m=[32m"text-2xl font-bold 
text-gray-800 mb-6"[39m
          [36m>[39m
            [0mMarks Entry System[0m
          [36m</h1>[39m
          [36m<div[39m
            [33mclass[39m=[32m"mb-4 p-3 border 
rounded-md flex items-center gap-2 bg-blue-50 
border-blue-200 text-blue-800"[39m
          [36m>[39m
            [0m [0m
            [36m<span[39m
              [33mclass[39m=[32m"text-sm"[39m
            [36m>[39m
              [36m<span[39m
                
[33mclass[39m=[32m"font-semibold"[39m
              [36m>[39m
                [0mLogged in:[0m
              [36m</span>[39m
              [0m [0m
              [0mJohn Teacher[0m
            [36m</span>[39m
          [36m</div>[39m
          [36m<div[39m
            [33mclass[39m=[32m"grid grid-cols-1 
md:grid-cols-2 lg:grid-cols-3 gap-4 mb-6"[39m
          [36m>[39m
            [36m<div>[39m
              [36m<label[39m
                [33mclass[39m=[32m"block text-sm 
font-medium text-gray-700 mb-2"[39m
              [36m>[39m
                [0mClass[0m
                [0m [0m
                [36m<span[39m
                  
[33mclass[39m=[32m"text-red-500"[39m
                [36m>[39m
                  [0m*[0m
                [36m</span>[39m
              [36m</label>[39m
              [36m<input[39m
                [33mclass[39m=[32m"w-full px-3 py-2 
border border-gray-300 rounded-md focus:outline-none 
focus:ring-2 focus:ring-blue-500 disabled:bg-gray-100 
disabled:cursor-not-allowed"[39m
                [33mplaceholder[39m=[32m"e.g., 
10"[39m
                [33mtype[39m=[32m"text"[39m
                [33mvalue[39m=[32m"10"[39m
              [36m/>[39m
            [36m</div>[39m
            [36m<div>[39m
              [36m<label[39m
                [33mclass[39m=[32m"block text-sm 
font-medium text-gray-700 mb-2"[39m
              [36m>[39m
                [0mSection[0m
                [0m [0m
                [36m<span[39m
                  
[33mclass[39m=[32m"text-red-500"[39m
                [36m>[39m
                  [0m*[0m
                [36m</span>[39m
              [36m</label>[39m
              [36m<input[39m
                [33mclass[39m=[32m"w-full px-3 py-2 
border border-gray-300 rounded-md focus:outline-none 
focus:ring-2 focus:ring-blue-500 disabled:bg-gray-100 
disabled:cursor-not-allowed"[39m
                [33mplaceholder[39m=[32m"e.g., 
A"[39m
                [33mtype[39m=[32m"text"[39m
                [33mvalue[39m=[32m"A"[39m
              [36m/>[39m
            [36m</div>[39m
            [36m<div>[39m
              [36m<label[39m
                [33mclass[39m=[32m"block text-sm 
font-medium text-gray-700 mb-2"[39m
              [36m>[39m
                [0mSubject[0m
                [0m [0m
                [36m<span[39m
                  
[33mclass[39m=[32m"text-red-500"[39m
                [36m>[39m
                  [0m*[0m
                [36m</span>[39m
              [36m</label>[39m
              [36m<div[39m
                [33mclass[39m=[32m"flex gap-2"[39m
              [36m>[39m
                [36m<select[39m
                  [33mclass[39m=[32m"flex-1 px-3 
py-2 border border-gray-300 rounded-md 
focus:outline-none focus:ring-2 focus:ring-blue-500 
disabled:bg-gray-100 disabled:cursor-not-allowed"[39m
                [36m>[39m
                  [36m<option[39m
                    [33mvalue[39m=[32m""[39m
                  [36m>[39m
                    [0mSelect Subject[0m
                  [36m</option>[39m
                [36m</select>[39m
                [36m<button[39m
                  [33mclass[39m=[32m"px-3 py-2 
bg-green-600 text-white rounded-md hover:bg-green-700 
flex items-center gap-1"[39m
                  [33mtitle[39m=[32m"Add New 
Subject"[39m
                  [33mtype[39m=[32m"button"[39m
                [36m>[39m
                  [36m<svg[39m
                    
[33maria-hidden[39m=[32m"true"[39m
                    [33mclass[39m=[32m"lucide 
lucide-plus w-4 h-4"[39m
                    [33mfill[39m=[32m"none"[39m
                    [33mheight[39m=[32m"24"[39m
                    
[33mstroke[39m=[32m"currentColor"[39m
                    
[33mstroke-linecap[39m=[32m"round"[39m
                    
[33mstroke-linejoin[39m=[32m"round"[39m
                    
[33mstroke-width[39m=[32m"2"[39m
                    [33mviewBox[39m=[32m"0 0 24 
24"[39m
                    [33mwidth[39m=[32m"24"[39m
                    
[33mxmlns[39m=[32m"http://www.w3.org/2000/svg"[39m
                  [36m>[39m
                    [36m<path[39m
                      [33md[39m=[32m"M5 12h14"[39m
                    [36m/>[39m
                    [36m<path[39m
                      [33md[39m=[32m"M12 5v14"[39m
                    [36m/>[39m
                  [36m</svg>[39m
                [36m</button>[39m
              [36m</div>[39m
            [36m</div>[39m
            [36m<div>[39m
              [36m<label[39m
                [33mclass[39m=[32m"block text-sm 
font-medium text-gray-700 mb-2"[39m
              [36m>[39m
                [0mTest Type[0m
                [0m [0m
                [36m<span[39m
                  
[33mclass[39m=[32m"text-red-500"[39m
                [36m>[39m
                  [0m*[0m
                [36m</span>[39m
              [36m</label>[39m
              [36m<select[39m
                [33mclass[39m=[32m"w-full px-3 py-2 
border border-gray-300 rounded-md focus:outline-none 
focus:ring-2 focus:ring-blue-500 disabled:bg-gray-100 
disabled:cursor-not-allowed"[39m
              [36m>[39m
                [36m<option[39m
                  [33mvalue[39m=[32m""[39m
                [36m>[39m
                  [0mSelect [0m
                  [0mTest Type[0m
                [36m</option>[39m
                [36m<option[39m
                  [33mvalue[39m=[32m"FA1"[39m
                [36m>[39m
                  [0mFA1[0m
                [36m</option>[39m
                [36m<option[39m
                  [33mvalue[39m=[32m"FA2"[39m
                [36m>[39m
                  [0mFA2[0m
                [36m</option>[39m
                [36m<option[39m
                  [33mvalue[39m=[32m"FA3"[39m
                [36m>[39m
                  [0mFA3[0m
                [36m</option>[39m
                [36m<option[39m
                  [33mvalue[39m=[32m"FA4"[39m
                [36m>[39m
                  [0mFA4[0m
                [36m</option>[39m
                [36m<option[39m
                  [33mvalue[39m=[32m"Mid-term 
Exam"[39m
                [36m>[39m
                  [0mMid-term Exam[0m
                [36m</option>[39m
                [36m<option[39m
                  [33mvalue[39m=[32m"Final 
Exam"[39m
                [36m>[39m
                  [0mFinal Exam[0m
                [36m</option>[39m
              [36m</select>[39m
            [36m</div>[39m
            [36m<div>[39m
              [36m<label[39m
                [33mclass[39m=[32m"block text-sm 
font-medium text-gray-700 mb-2"[39m
              [36m>[39m
                [0mAcademic Year[0m
                [0m [0m
              [36m</label>[39m
              [36m<input[39m
                [33mclass[39m=[32m"w-full px-3 py-2 
border border-gray-300 rounded-md focus:outline-none 
focus:ring-2 focus:ring-blue-500 disabled:bg-gray-100 
disabled:cursor-not-allowed"[39m
                [33mplaceholder[39m=[32m"e.g., 
2024-25"[39m
                [33mtype[39m=[32m"text"[39m
                [33mvalue[39m=[32m""[39m
              [36m/>[39m
            [36m</div>[39m
            [36m<div[39m
              [33mclass[39m=[32m"flex 
items-end"[39m
            [36m>[39m
              [36m<button[39m
                [33mclass[39m=[32m"w-full flex 
items-center justify-center gap-2 px-4 py-2 rounded-md 
font-medium bg-blue-600 text-white 
hover:bg-blue-700"[39m
              [36m>[39m
                [36m<svg[39m
                  
[33maria-hidden[39m=[32m"true"[39m
                  [33mclass[39m=[32m"lucide 
lucide-search w-5 h-5"[39m
                  [33mfill[39m=[32m"none"[39m
                  [33mheight[39m=[32m"24"[39m
                  
[33mstroke[39m=[32m"currentColor"[39m
                  
[33mstroke-linecap[39m=[32m"round"[39m
                  
[33mstroke-linejoin[39m=[32m"round"[39m
                  [33mstroke-width[39m=[32m"2"[39m
                  [33mviewBox[39m=[32m"0 0 24 
24"[39m
                  [33mwidth[39m=[32m"24"[39m
                  
[33mxmlns[39m=[32m"http://www.w3.org/2000/svg"[39m
                [36m>[39m
                  [36m<path[39m
                    [33md[39m=[32m"m21 
21-4.34-4.34"[39m
                  [36m/>[39m
                  [36m<circle[39m
                    [33mcx[39m=[32m"11"[39m
                    [33mcy[39m=[32m"11"[39m
                    [33mr[39m=[32m"8"[39m
                  [36m/>[39m
                [36m</svg>[39m
                [0m [0m
                [0mFetch Students[0m
              [36m</button>[39m
            [36m</div>[39m
          [36m</div>[39m

[2m Test Files [22m [1m[31m5 failed[39m[22m[2m | [22m[1m[32m13 passed[39m[22m[90m (18)[39m
[2m      Tests [22m [1m[31m9 failed[39m[22m[2m | [22m[1m[32m51 passed[39m[22m[90m (60)[39m
          [36m<div[39m
            [33mclass[39m=[32m"mb-4 p-3 border 
rounded-md flex items-center gap-2 bg-red-50 
border-red-200 text-red-800"[39m
          [36m>[39m
            [0m [0m
            [36m<span[39m
              [33mclass[39m=[32m"text-sm"[39m
            [36m>[39m
              [0mPlease fill all required fields[0m
            [36m</span>[39m
          [36m</div>[39m
        [36m</div>[39m
      [36m</div>[39m
    [36m</div>[39m
  [36m</div>[39m
[36m</body>[39m
[90m [2mΓ¥»[22m waitForWrapper node_modules/@testing
-library/dom/dist/wait-for.js:[2m163:27[22m[39m
[90m [2mΓ¥»[22m node_modules/@testing-library/dom/di
st/query-helpers.js:[2m86:33[22m[39m
[36m [2mΓ¥»[22m src/pages/MarksEntry/MarksEntry.test
.tsx:[2m137:16[22m[39m
    [90m135| [39m  
fireEvent.change(screen.getByPlaceholderText(/e.g., 
A/i), { target: ΓÇª
    [90m136| [39m  
fireEvent.click(screen.getByRole('button', { name: 
/Fetch Students/iΓÇª
    [90m137| [39m  [35mawait[39m 
screen[33m.[39m[34mfindByText[39m([32m'Alice 
Smith'[39m)[33m;[39m
    [90m   | [39m               [31m^[39m
    [90m138| [39m
    [90m139| [39m  [90m// 2. Enter some marks 
(Satisfies the marksData check in canSave)[39m

[31m[2mΓÄ»ΓÄ»ΓÄ»ΓÄ»ΓÄ»ΓÄ»ΓÄ»ΓÄ»ΓÄ»ΓÄ»ΓÄ»ΓÄ»ΓÄ»ΓÄ»ΓÄ»Γ
Ä»ΓÄ»ΓÄ»ΓÄ»ΓÄ»ΓÄ»ΓÄ»ΓÄ»ΓÄ»[6/9]ΓÄ»[22m[39m

[41m[1m FAIL [22m[49m 
src/pages/MarksReview/MarksReview.test.tsx[2m > 
[22mMarksReview Component[2m > [22mrenders marks 
review page
[41m[1m FAIL [22m[49m 
src/pages/MarksReview/MarksReview.test.tsx[2m > 
[22mMarksReview Component[2m > [22mdisplays filter 
inputs
[41m[1m FAIL [22m[49m 
src/pages/MarksReview/MarksReview.test.tsx[2m > 
[22mMarksReview Component[2m > [22mshows load marks 
button
[2m   Start at [22m 15:34:07
[2m   Duration [22m 10.26s[2m (transform 7.52s, setup 13.97s, import 14.18s, tests 17.28s, environment 51.28s)[22m

[31m[1mError[22m: useAuth must be used within 
AuthProvider[39m
[36m [2mΓ¥»[22m useAuth 
src/context/AuthContext.tsx:[2m72:23[22m[39m
    [90m 70| [39m[35mexport[39m [35mconst[39m 
useAuth [33m=[39m () [33m=>[39m {
    [90m 71| [39m  [35mconst[39m context 
[33m=[39m 
[34museContext[39m([33mAuthContext[39m)[33m;[39m
    [90m 72| [39m  if (!context) throw new 
Error('useAuth must be used within AuthProviΓÇª
    [90m   | [39m                      [31m^[39m
    [90m 73| [39m  [35mreturn[39m 
context[33m;[39m
    [90m 74| [39m}[33m;[39m
[90m [2mΓ¥»[22m MarksReview src/pages/MarksReview/Ma
rksReview.tsx:[2m53:33[22m[39m
[90m [2mΓ¥»[22m renderWithHooks node_modules/react-d
om/cjs/react-dom.development.js:[2m15486:18[22m[39m
[90m [2mΓ¥»[22m mountIndeterminateComponent node_mod
ules/react-dom/cjs/react-dom.development.js:[2m20103:1
3[22m[39m
[90m [2mΓ¥»[22m beginWork node_modules/react-dom/cjs
/react-dom.development.js:[2m21626:16[22m[39m
[90m [2mΓ¥»[22m beginWork$1 node_modules/react-dom/c
js/react-dom.development.js:[2m27465:14[22m[39m
[90m [2mΓ¥»[22m performUnitOfWork node_modules/react
-dom/cjs/react-dom.development.js:[2m26599:12[22m[39
m
[90m [2mΓ¥»[22m workLoopSync node_modules/react-dom/
cjs/react-dom.development.js:[2m26505:5[22m[39m
[90m [2mΓ¥»[22m renderRootSync node_modules/react-do
m/cjs/react-dom.development.js:[2m26473:7[22m[39m
[90m [2mΓ¥»[22m recoverFromConcurrentError node_modu
les/react-dom/cjs/react-dom.development.js:[2m25889:20
[22m[39m

[31m[2mΓÄ»ΓÄ»ΓÄ»ΓÄ»ΓÄ»ΓÄ»ΓÄ»ΓÄ»ΓÄ»ΓÄ»ΓÄ»ΓÄ»ΓÄ»ΓÄ»ΓÄ»Γ
Ä»ΓÄ»ΓÄ»ΓÄ»ΓÄ»ΓÄ»ΓÄ»ΓÄ»ΓÄ»[7/9]ΓÄ»[22m[39m

